Archive member included to satisfy reference by file (symbol)

app/libapp.a(main.c.obj)      (--whole-archive)
zephyr/libzephyr.a(cbprintf.c.obj)
                              (--whole-archive)
zephyr/libzephyr.a(cbprintf_packaged.c.obj)
                              (--whole-archive)
zephyr/libzephyr.a(crc32c_sw.c.obj)
                              (--whole-archive)
zephyr/libzephyr.a(crc32_sw.c.obj)
                              (--whole-archive)
zephyr/libzephyr.a(crc16_sw.c.obj)
                              (--whole-archive)
zephyr/libzephyr.a(crc8_sw.c.obj)
                              (--whole-archive)
zephyr/libzephyr.a(crc7_sw.c.obj)
                              (--whole-archive)
zephyr/libzephyr.a(dec.c.obj)
                              (--whole-archive)
zephyr/libzephyr.a(fdtable.c.obj)
                              (--whole-archive)
zephyr/libzephyr.a(hex.c.obj)
                              (--whole-archive)
zephyr/libzephyr.a(notify.c.obj)
                              (--whole-archive)
zephyr/libzephyr.a(printk.c.obj)
                              (--whole-archive)
zephyr/libzephyr.a(onoff.c.obj)
                              (--whole-archive)
zephyr/libzephyr.a(rb.c.obj)  (--whole-archive)
zephyr/libzephyr.a(sem.c.obj)
                              (--whole-archive)
zephyr/libzephyr.a(thread_entry.c.obj)
                              (--whole-archive)
zephyr/libzephyr.a(timeutil.c.obj)
                              (--whole-archive)
zephyr/libzephyr.a(heap.c.obj)
                              (--whole-archive)
zephyr/libzephyr.a(heap-validate.c.obj)
                              (--whole-archive)
zephyr/libzephyr.a(bitarray.c.obj)
                              (--whole-archive)
zephyr/libzephyr.a(multi_heap.c.obj)
                              (--whole-archive)
zephyr/libzephyr.a(cbprintf_complete.c.obj)
                              (--whole-archive)
zephyr/libzephyr.a(assert.c.obj)
                              (--whole-archive)
zephyr/libzephyr.a(reboot.c.obj)
                              (--whole-archive)
zephyr/libzephyr.a(configs.c.obj)
                              (--whole-archive)
zephyr/libzephyr.a(soc_nrf_common.S.obj)
                              (--whole-archive)
zephyr/libzephyr.a(validate_base_addresses.c.obj)
                              (--whole-archive)
zephyr/libzephyr.a(validate_enabled_instances.c.obj)
                              (--whole-archive)
zephyr/libzephyr.a(pm.c.obj)  (--whole-archive)
zephyr/libzephyr.a(policy.c.obj)
                              (--whole-archive)
zephyr/libzephyr.a(state.c.obj)
                              (--whole-archive)
zephyr/libzephyr.a(tracing_none.c.obj)
                              (--whole-archive)
zephyr/libzephyr.a(nrf_cc3xx_platform_abort_zephyr.c.obj)
                              (--whole-archive)
zephyr/libzephyr.a(nrf_cc3xx_platform_mutex_zephyr.c.obj)
                              (--whole-archive)
zephyr/arch/common/libarch__common.a(sw_isr_common.c.obj)
                              (--whole-archive)
zephyr/arch/arch/arm/core/aarch32/libarch__arm__core__aarch32.a(cpu_idle.S.obj)
                              (--whole-archive)
zephyr/arch/arch/arm/core/aarch32/libarch__arm__core__aarch32.a(fatal.c.obj)
                              (--whole-archive)
zephyr/arch/arch/arm/core/aarch32/libarch__arm__core__aarch32.a(irq_manage.c.obj)
                              (--whole-archive)
zephyr/arch/arch/arm/core/aarch32/libarch__arm__core__aarch32.a(nmi.c.obj)
                              (--whole-archive)
zephyr/arch/arch/arm/core/aarch32/libarch__arm__core__aarch32.a(nmi_on_reset.S.obj)
                              (--whole-archive)
zephyr/arch/arch/arm/core/aarch32/libarch__arm__core__aarch32.a(prep_c.c.obj)
                              (--whole-archive)
zephyr/arch/arch/arm/core/aarch32/libarch__arm__core__aarch32.a(swap.c.obj)
                              (--whole-archive)
zephyr/arch/arch/arm/core/aarch32/libarch__arm__core__aarch32.a(swap_helper.S.obj)
                              (--whole-archive)
zephyr/arch/arch/arm/core/aarch32/libarch__arm__core__aarch32.a(thread.c.obj)
                              (--whole-archive)
zephyr/arch/arch/arm/core/aarch32/libarch__arm__core__aarch32.a(isr_wrapper.S.obj)
                              (--whole-archive)
zephyr/arch/arch/arm/core/aarch32/cortex_m/libarch__arm__core__aarch32__cortex_m.a(exc_exit.S.obj)
                              (--whole-archive)
zephyr/arch/arch/arm/core/aarch32/cortex_m/libarch__arm__core__aarch32__cortex_m.a(fault.c.obj)
                              (--whole-archive)
zephyr/arch/arch/arm/core/aarch32/cortex_m/libarch__arm__core__aarch32__cortex_m.a(fault_s.S.obj)
                              (--whole-archive)
zephyr/arch/arch/arm/core/aarch32/cortex_m/libarch__arm__core__aarch32__cortex_m.a(fpu.c.obj)
                              (--whole-archive)
[...]
Memory Configuration

Name             Origin             Length             Attributes
FLASH            0x0000000000000000 0x0000000000100000 xr
SRAM             0x0000000020000000 0x0000000000040000 xw
IDT_LIST         0x00000000fffff7ff 0x0000000000000800 xw
*default*        0x0000000000000000 0xffffffffffffffff

Linker script and memory map

LOAD zephyr/CMakeFiles/zephyr_pre0.dir/misc/empty_file.c.obj
                0x0000000000000020                _region_min_align = 0x20

.rel.plt        0x0000000000000000        0x0
 *(SORT_BY_ALIGNMENT(.rel.plt))
                [!provide]                        PROVIDE (__rel_iplt_start = .)
 *(SORT_BY_ALIGNMENT(.rel.iplt))
 .rel.iplt      0x0000000000000000        0x0 app/libapp.a(main.c.obj)
                [!provide]                        PROVIDE (__rel_iplt_end = .)

.rela.plt       0x0000000000000000        0x0
 *(SORT_BY_ALIGNMENT(.rela.plt))
                [!provide]                        PROVIDE (__rela_iplt_start = .)
 *(SORT_BY_ALIGNMENT(.rela.iplt))
                [!provide]                        PROVIDE (__rela_iplt_end = .)

.rel.dyn
 *(SORT_BY_ALIGNMENT(.rel.*))

.rela.dyn
 *(SORT_BY_ALIGNMENT(.rela.*))

/DISCARD/
 *(SORT_BY_ALIGNMENT(.plt))

/DISCARD/
 *(SORT_BY_ALIGNMENT(.iplt))
                0x0000000000000000                __rom_region_start = 0x0

rom_start       0x0000000000000000      0x100
                0x0000000000000000                . = 0x0
                0x0000000000000000                . = ALIGN (0x4)
                0x0000000000000000                . = ALIGN (0x80)
                0x0000000000000000                . = ALIGN (0x100)
                0x0000000000000000                _vector_start = .
 *(SORT_BY_ALIGNMENT(.exc_vector_table))
 *(SORT_BY_ALIGNMENT(.exc_vector_table.*))
 .exc_vector_table._vector_table_section
                0x0000000000000000       0x40 zephyr/arch/arch/arm/core/aarch32/cortex_m/libarch__arm__core__aarch32__cortex_m.a(vector_table.S.obj)
                0x0000000000000000                _vector_table
 *(SORT_BY_ALIGNMENT(.gnu.linkonce.irq_vector_table*))
 .gnu.linkonce.irq_vector_table
                0x0000000000000040       0xc0 zephyr/arch/common/libisr_tables.a(isr_tables.c.obj)
                0x0000000000000040                _irq_vector_table
 *(SORT_BY_ALIGNMENT(.vectors))
                0x0000000000000100                _vector_end = .

text            0x0000000000000100     0x6e9c
                0x0000000000000100                __text_region_start = .
 *(SORT_BY_ALIGNMENT(.text))
 .text          0x0000000000000100       0x30 /home/rt/ncs/toolchains/v2.3.0/opt/zephyr-sdk/arm-zephyr-eabi/bin/../lib/gcc/arm-zephyr-eabi/12.1.0/thumb/v7e-m/nofp/libgcc.a(_aeabi_uldivmod.o)
                0x0000000000000100                __aeabi_uldivmod
 .text          0x0000000000000130        0x4 /home/rt/ncs/toolchains/v2.3.0/opt/zephyr-sdk/arm-zephyr-eabi/bin/../lib/gcc/arm-zephyr-eabi/12.1.0/thumb/v7e-m/nofp/libgcc.a(_dvmd_tls.o)
                0x0000000000000130                __aeabi_ldiv0
                0x0000000000000130                __aeabi_idiv0
 .text          0x0000000000000134      0x2a0 /home/rt/ncs/toolchains/v2.3.0/opt/zephyr-sdk/arm-zephyr-eabi/bin/../lib/gcc/arm-zephyr-eabi/12.1.0/thumb/v7e-m/nofp/libgcc.a(_udivmoddi4.o)
                0x0000000000000134                __udivmoddi4
 *(SORT_BY_ALIGNMENT(.text.*))
 .text.thread_print_code
                0x00000000000003d4       0xe8 app/libapp.a(main.c.obj)
                0x00000000000003d4                thread_print_code
 .text.thread_led_code
                0x00000000000004bc      0x104 app/libapp.a(main.c.obj)
                0x00000000000004bc                thread_led_code
 .text.thread_button_code
                0x00000000000005c0       0xd0 app/libapp.a(main.c.obj)
                0x00000000000005c0                thread_button_code
 .text.thread_temperature_code
                0x0000000000000690       0xd0 app/libapp.a(main.c.obj)
                0x0000000000000690                thread_temperature_code
 .text.cmdProcessor
                0x0000000000000760      0x1b0 app/libapp.a(main.c.obj)
                0x0000000000000760                cmdProcessor
 .text.newCmdChar
                0x0000000000000910       0x24 app/libapp.a(main.c.obj)
                0x0000000000000910                newCmdChar
 .text.uart_cb  0x0000000000000934       0x50 app/libapp.a(main.c.obj)
 .text.resetCmdString
                0x0000000000000984       0x1c app/libapp.a(main.c.obj)
                0x0000000000000984                resetCmdString
 .text.main     0x00000000000009a0      0x344 app/libapp.a(main.c.obj)
                0x00000000000009a0                main
 .text.thread_cmd_code
                0x0000000000000ce4       0x60 app/libapp.a(main.c.obj)
                0x0000000000000ce4                thread_cmd_code
 .text.char_out
                0x0000000000000d44       0x10 zephyr/libzephyr.a(printk.c.obj)
 .text.__printk_hook_install
                0x0000000000000d54        0xc zephyr/libzephyr.a(printk.c.obj)
                0x0000000000000d54                __printk_hook_install
 .text.vprintk  0x0000000000000d60       0x1c zephyr/libzephyr.a(printk.c.obj)
                0x0000000000000d60                vprintk
 .text.process_event
                0x0000000000000d7c      0x21c zephyr/libzephyr.a(onoff.c.obj)
 .text.cbvprintf
                0x0000000000000f98      0x764 zephyr/libzephyr.a(cbprintf_complete.c.obj)
                0x0000000000000f98                cbvprintf
 .text.sys_reboot
                0x00000000000016fc       0x28 zephyr/libzephyr.a(reboot.c.obj)
                0x00000000000016fc                sys_reboot
 .text.pm_state_notify
                0x0000000000001724       0x5c zephyr/libzephyr.a(pm.c.obj)
 .text.atomic_clear_bit.constprop.0
                0x0000000000001780       0x30 zephyr/libzephyr.a(pm.c.obj)
 .text.pm_system_resume
                0x00000000000017b0       0x78 zephyr/libzephyr.a(pm.c.obj)
                0x00000000000017b0                pm_system_resume
 .text.pm_system_suspend
                0x0000000000001828       0xec zephyr/libzephyr.a(pm.c.obj)
                0x0000000000001828                pm_system_suspend
 .text.pm_policy_state_lock_is_active
                0x0000000000001914       0x1c zephyr/libzephyr.a(policy.c.obj)
                0x0000000000001914                pm_policy_state_lock_is_active
 .text.pm_policy_next_state
                0x0000000000001930       0x90 zephyr/libzephyr.a(policy.c.obj)
                0x0000000000001930                pm_policy_next_state
 .text.pm_state_cpu_get_all
                0x00000000000019c0       0x10 zephyr/libzephyr.a(state.c.obj)
                0x00000000000019c0                pm_state_cpu_get_all
 .text.nrf_cc3xx_platform_abort_init
                0x00000000000019d0        0xc zephyr/libzephyr.a(nrf_cc3xx_platform_abort_zephyr.c.obj)
                0x00000000000019d0                nrf_cc3xx_platform_abort_init
 .text.mutex_free_platform
                0x00000000000019dc       0x48 zephyr/libzephyr.a(nrf_cc3xx_platform_mutex_zephyr.c.obj)
 .text.mutex_lock_platform
                0x0000000000001a24       0x58 zephyr/libzephyr.a(nrf_cc3xx_platform_mutex_zephyr.c.obj)
 .text.mutex_unlock_platform
                0x0000000000001a7c       0x4c zephyr/libzephyr.a(nrf_cc3xx_platform_mutex_zephyr.c.obj)
 .text.mutex_init_platform
                0x0000000000001ac8       0x70 zephyr/libzephyr.a(nrf_cc3xx_platform_mutex_zephyr.c.obj)
 .text.nrf_cc3xx_platform_mutex_init
                0x0000000000001b38       0x2c zephyr/libzephyr.a(nrf_cc3xx_platform_mutex_zephyr.c.obj)
                0x0000000000001b38                nrf_cc3xx_platform_mutex_init
 .text.z_arm_cpu_idle_init
                0x0000000000001b64        0xc zephyr/arch/arch/arm/core/aarch32/libarch__arm__core__aarch32.a(cpu_idle.S.obj)
                0x0000000000001b64                z_arm_cpu_idle_init
 .text.arch_cpu_idle
                0x0000000000001b70       0x1c zephyr/arch/arch/arm/core/aarch32/libarch__arm__core__aarch32.a(cpu_idle.S.obj)
                0x0000000000001b70                arch_cpu_idle
 .text.arch_cpu_atomic_idle
                0x0000000000001b8c       0x14 zephyr/arch/arch/arm/core/aarch32/libarch__arm__core__aarch32.a(cpu_idle.S.obj)
                0x0000000000001b8c                arch_cpu_atomic_idle
 .text.arch_irq_enable
                0x0000000000001ba0       0x1c zephyr/arch/arch/arm/core/aarch32/libarch__arm__core__aarch32.a(irq_manage.c.obj)
                0x0000000000001ba0                arch_irq_enable
 .text.arch_irq_is_enabled
                0x0000000000001bbc       0x1c zephyr/arch/arch/arm/core/aarch32/libarch__arm__core__aarch32.a(irq_manage.c.obj)
                0x0000000000001bbc                arch_irq_is_enabled
 .text.z_arm_irq_priority_set
                0x0000000000001bd8       0x30 zephyr/arch/arch/arm/core/aarch32/libarch__arm__core__aarch32.a(irq_manage.c.obj)
                0x0000000000001bd8                z_arm_irq_priority_set
 .text.z_SysNmiOnReset
                0x0000000000001c08        0x8 zephyr/arch/arch/arm/core/aarch32/libarch__arm__core__aarch32.a(nmi_on_reset.S.obj)
                0x0000000000001c08                z_SysNmiOnReset
 .text.z_arm_prep_c
                0x0000000000001c10       0x38 zephyr/arch/arch/arm/core/aarch32/libarch__arm__core__aarch32.a(prep_c.c.obj)
                0x0000000000001c10                z_arm_prep_c
 .text.arch_swap
                0x0000000000001c48       0x34 zephyr/arch/arch/arm/core/aarch32/libarch__arm__core__aarch32.a(swap.c.obj)
                0x0000000000001c48                arch_swap
 .text.z_arm_pendsv
                0x0000000000001c7c       0x54 zephyr/arch/arch/arm/core/aarch32/libarch__arm__core__aarch32.a(swap_helper.S.obj)
                0x0000000000001c7c                z_arm_pendsv
 .text.z_arm_svc
                0x0000000000001cd0       0x20 zephyr/arch/arch/arm/core/aarch32/libarch__arm__core__aarch32.a(swap_helper.S.obj)
                0x0000000000001cd0                z_arm_svc
 .text.arch_new_thread
                0x0000000000001cf0       0x38 zephyr/arch/arch/arm/core/aarch32/libarch__arm__core__aarch32.a(thread.c.obj)
                0x0000000000001cf0                arch_new_thread
 .text.z_check_thread_stack_fail
                0x0000000000001d28       0x2c zephyr/arch/arch/arm/core/aarch32/libarch__arm__core__aarch32.a(thread.c.obj)
                0x0000000000001d28                z_check_thread_stack_fail
 .text.arch_switch_to_main_thread
                0x0000000000001d54       0x2c zephyr/arch/arch/arm/core/aarch32/libarch__arm__core__aarch32.a(thread.c.obj)
                0x0000000000001d54                arch_switch_to_main_thread
 .text._isr_wrapper
                0x0000000000001d80       0x40 zephyr/arch/arch/arm/core/aarch32/libarch__arm__core__aarch32.a(isr_wrapper.S.obj)
                0x0000000000001d80                _isr_wrapper
 .text._HandlerModeExit
                0x0000000000001dc0       0x1c zephyr/arch/arch/arm/core/aarch32/cortex_m/libarch__arm__core__aarch32__cortex_m.a(exc_exit.S.obj)
                0x0000000000001dc0                z_arm_exc_exit
                0x0000000000001dc0                z_arm_int_exit
 .text.bus_fault.constprop.0
                0x0000000000001ddc       0x3c zephyr/arch/arch/arm/core/aarch32/cortex_m/libarch__arm__core__aarch32__cortex_m.a(fault.c.obj)
 .text.mem_manage_fault.constprop.0
                0x0000000000001e18       0x7c zephyr/arch/arch/arm/core/aarch32/cortex_m/libarch__arm__core__aarch32__cortex_m.a(fault.c.obj)
 .text.z_arm_fault
                0x0000000000001e94      0x10c zephyr/arch/arch/arm/core/aarch32/cortex_m/libarch__arm__core__aarch32__cortex_m.a(fault.c.obj)
                0x0000000000001e94                z_arm_fault
 .text.z_arm_fault_init
                0x0000000000001fa0       0x10 zephyr/arch/arch/arm/core/aarch32/cortex_m/libarch__arm__core__aarch32__cortex_m.a(fault.c.obj)
                0x0000000000001fa0                z_arm_fault_init
 .text.__fault  0x0000000000001fb0       0x14 zephyr/arch/arch/arm/core/aarch32/cortex_m/libarch__arm__core__aarch32__cortex_m.a(fault_s.S.obj)
                0x0000000000001fb0                z_arm_bus_fault
                0x0000000000001fb0                z_arm_usage_fault
                0x0000000000001fb0                z_arm_mpu_fault
                0x0000000000001fb0                z_arm_exc_spurious
                0x0000000000001fb0                z_arm_debug_monitor
                0x0000000000001fb0                z_arm_hard_fault
 .text.z_arm_interrupt_init
                0x0000000000001fc4       0x18 zephyr/arch/arch/arm/core/aarch32/cortex_m/libarch__arm__core__aarch32__cortex_m.a(irq_init.c.obj)
                0x0000000000001fc4                z_arm_interrupt_init
 .text._reset_section
                0x0000000000001fdc       0x54 zephyr/arch/arch/arm/core/aarch32/cortex_m/libarch__arm__core__aarch32__cortex_m.a(reset.S.obj)
                0x0000000000001fdc                z_arm_reset
                0x0000000000001fdc                __start
 .text.z_arm_clear_arm_mpu_config
                0x0000000000002030       0x24 zephyr/arch/arch/arm/core/aarch32/cortex_m/libarch__arm__core__aarch32__cortex_m.a(scb.c.obj)
                0x0000000000002030                z_arm_clear_arm_mpu_config
 .text.z_arm_init_arch_hw_at_boot
                0x0000000000002054       0x64 zephyr/arch/arch/arm/core/aarch32/cortex_m/libarch__arm__core__aarch32__cortex_m.a(scb.c.obj)
                0x0000000000002054                z_arm_init_arch_hw_at_boot
 .text.z_impl_k_thread_abort
                0x00000000000020b8       0x2c zephyr/arch/arch/arm/core/aarch32/cortex_m/libarch__arm__core__aarch32__cortex_m.a(thread_abort.c.obj)
                0x00000000000020b8                z_impl_k_thread_abort
 .text.arch_timing_init
                0x00000000000020e4       0x28 zephyr/arch/arch/arm/core/aarch32/cortex_m/libarch__arm__core__aarch32__cortex_m.a(timing.c.obj)
                0x00000000000020e4                arch_timing_init
 .text.arch_timing_start
                0x000000000000210c       0x14 zephyr/arch/arch/arm/core/aarch32/cortex_m/libarch__arm__core__aarch32__cortex_m.a(timing.c.obj)
                0x000000000000210c                arch_timing_start
 .text.z_arm_configure_static_mpu_regions
                0x0000000000002120       0x18 zephyr/arch/arch/arm/core/aarch32/mpu/libarch__arm__core__aarch32__mpu.a(arm_core_mpu.c.obj)
                0x0000000000002120                z_arm_configure_static_mpu_regions
 .text.z_arm_configure_dynamic_mpu_regions
                0x0000000000002138       0x20 zephyr/arch/arch/arm/core/aarch32/mpu/libarch__arm__core__aarch32__mpu.a(arm_core_mpu.c.obj)
                0x0000000000002138                z_arm_configure_dynamic_mpu_regions
 .text.mpu_configure_regions
                0x0000000000002158       0x88 zephyr/arch/arch/arm/core/aarch32/mpu/libarch__arm__core__aarch32__mpu.a(arm_mpu.c.obj)
 .text.arm_core_mpu_enable
                0x00000000000021e0       0x18 zephyr/arch/arch/arm/core/aarch32/mpu/libarch__arm__core__aarch32__mpu.a(arm_mpu.c.obj)
                0x00000000000021e0                arm_core_mpu_enable
 .text.arm_core_mpu_disable
                0x00000000000021f8       0x14 zephyr/arch/arch/arm/core/aarch32/mpu/libarch__arm__core__aarch32__mpu.a(arm_mpu.c.obj)
                0x00000000000021f8                arm_core_mpu_disable
 .text.arm_core_mpu_configure_static_mpu_regions
                0x000000000000220c       0x14 zephyr/arch/arch/arm/core/aarch32/mpu/libarch__arm__core__aarch32__mpu.a(arm_mpu.c.obj)
                0x000000000000220c                arm_core_mpu_configure_static_mpu_regions
 .text.arm_core_mpu_configure_dynamic_mpu_regions
                0x0000000000002220       0x30 zephyr/arch/arch/arm/core/aarch32/mpu/libarch__arm__core__aarch32__mpu.a(arm_mpu.c.obj)
                0x0000000000002220                arm_core_mpu_configure_dynamic_mpu_regions
 .text.z_arm_mpu_init
                0x0000000000002250       0x60 zephyr/arch/arch/arm/core/aarch32/mpu/libarch__arm__core__aarch32__mpu.a(arm_mpu.c.obj)
                0x0000000000002250                z_arm_mpu_init
 .text.__stdout_hook_install
                0x00000000000022b0        0xc zephyr/lib/libc/minimal/liblib__libc__minimal.a(stdout_console.c.obj)
                0x00000000000022b0                __stdout_hook_install
 .text.nordicsemi_nrf52_init
                0x00000000000022bc       0x60 zephyr/soc/arm/nordic_nrf/nrf52/libsoc__arm__nordic_nrf__nrf52.a(soc.c.obj)
 .text.sys_arch_reboot
                0x000000000000231c       0x2c zephyr/soc/arm/nordic_nrf/nrf52/libsoc__arm__nordic_nrf__nrf52.a(soc.c.obj)
                0x000000000000231c                sys_arch_reboot
 .text.arch_busy_wait
                0x0000000000002348       0x14 zephyr/soc/arm/nordic_nrf/nrf52/libsoc__arm__nordic_nrf__nrf52.a(soc.c.obj)
                0x0000000000002348                arch_busy_wait
 .text.timing_init
                0x000000000000235c       0x18 zephyr/subsys/timing/libsubsys__timing.a(timing.c.obj)
                0x000000000000235c                timing_init
 .text.timing_start
                0x0000000000002374       0x24 zephyr/subsys/timing/libsubsys__timing.a(timing.c.obj)
                0x0000000000002374                timing_start
 .text.onoff_stop
                0x0000000000002398       0x30 zephyr/drivers/clock_control/libdrivers__clock_control.a(clock_control_nrf.c.obj)
 .text.onoff_start
                0x00000000000023c8       0x44 zephyr/drivers/clock_control/libdrivers__clock_control.a(clock_control_nrf.c.obj)
 .text.clk_init
                0x000000000000240c       0x58 zephyr/drivers/clock_control/libdrivers__clock_control.a(clock_control_nrf.c.obj)
 .text.clkstarted_handle.constprop.0
                0x0000000000002464       0x34 zephyr/drivers/clock_control/libdrivers__clock_control.a(clock_control_nrf.c.obj)
 .text.clock_event_handler
                0x0000000000002498       0x1c zephyr/drivers/clock_control/libdrivers__clock_control.a(clock_control_nrf.c.obj)
 .text.generic_hfclk_start
                0x00000000000024b4       0x64 zephyr/drivers/clock_control/libdrivers__clock_control.a(clock_control_nrf.c.obj)
 .text.api_blocking_start
                0x0000000000002518       0x34 zephyr/drivers/clock_control/libdrivers__clock_control.a(clock_control_nrf.c.obj)
 .text.generic_hfclk_stop
                0x000000000000254c       0x2c zephyr/drivers/clock_control/libdrivers__clock_control.a(clock_control_nrf.c.obj)
 .text.z_nrf_clock_control_lf_on
                0x0000000000002578       0xfc zephyr/drivers/clock_control/libdrivers__clock_control.a(clock_control_nrf.c.obj)
                0x0000000000002578                z_nrf_clock_control_lf_on
 .text.uart_console_init
                0x0000000000002674       0x30 zephyr/drivers/console/libdrivers__console.a(uart_console.c.obj)
 .text.console_out
                0x00000000000026a4       0x28 zephyr/drivers/console/libdrivers__console.a(uart_console.c.obj)
 .text.gpio_nrfx_pin_interrupt_configure
                0x00000000000026cc       0xd4 zephyr/drivers/gpio/libdrivers__gpio.a(gpio_nrfx.c.obj)
 .text.gpio_nrfx_init
                0x00000000000027a0       0x38 zephyr/drivers/gpio/libdrivers__gpio.a(gpio_nrfx.c.obj)
 .text.nrfx_gpio_handler
                0x00000000000027d8       0x4c zephyr/drivers/gpio/libdrivers__gpio.a(gpio_nrfx.c.obj)
 .text.gpio_nrfx_pin_configure
                0x0000000000002824      0x148 zephyr/drivers/gpio/libdrivers__gpio.a(gpio_nrfx.c.obj)
 .text.i2c_nrfx_twi_recover_bus
                0x000000000000296c       0x20 zephyr/drivers/i2c/libdrivers__i2c.a(i2c_nrfx_twi.c.obj)
 .text.twi_0_init
                0x000000000000298c       0x58 zephyr/drivers/i2c/libdrivers__i2c.a(i2c_nrfx_twi.c.obj)
 .text.event_handler
                0x00000000000029e4       0x34 zephyr/drivers/i2c/libdrivers__i2c.a(i2c_nrfx_twi.c.obj)
 .text.i2c_nrfx_twi_transfer
                0x0000000000002a18       0xfc zephyr/drivers/i2c/libdrivers__i2c.a(i2c_nrfx_twi.c.obj)
 .text.uarte_nrfx_tx
                0x0000000000002b14       0xb0 zephyr/drivers/serial/libdrivers__serial.a(uart_nrfx_uarte.c.obj)
 .text.uarte_nrfx_configure
                0x0000000000002bc4      0x164 zephyr/drivers/serial/libdrivers__serial.a(uart_nrfx_uarte.c.obj)
 .text.uarte_instance_init.constprop.0
                0x0000000000002d28      0x184 zephyr/drivers/serial/libdrivers__serial.a(uart_nrfx_uarte.c.obj)
 .text.uarte_nrfx_poll_out
                0x0000000000002eac       0xb4 zephyr/drivers/serial/libdrivers__serial.a(uart_nrfx_uarte.c.obj)
 .text.uarte_nrfx_isr_async
                0x0000000000002f60      0x354 zephyr/drivers/serial/libdrivers__serial.a(uart_nrfx_uarte.c.obj)
 .text.compare_int_lock
                0x00000000000032b4       0x48 zephyr/drivers/timer/libdrivers__timer.a(nrf_rtc_timer.c.obj)
 .text.sys_clock_timeout_handler
                0x00000000000032fc       0x80 zephyr/drivers/timer/libdrivers__timer.a(nrf_rtc_timer.c.obj)
 .text.compare_int_unlock
                0x000000000000337c       0x5c zephyr/drivers/timer/libdrivers__timer.a(nrf_rtc_timer.c.obj)
 .text.z_nrf_rtc_timer_read
                0x00000000000033d8       0x44 zephyr/drivers/timer/libdrivers__timer.a(nrf_rtc_timer.c.obj)
                0x00000000000033d8                z_nrf_rtc_timer_read
 .text.compare_set
                0x000000000000341c      0x148 zephyr/drivers/timer/libdrivers__timer.a(nrf_rtc_timer.c.obj)
 .text.sys_clock_driver_init
                0x0000000000003564       0x80 zephyr/drivers/timer/libdrivers__timer.a(nrf_rtc_timer.c.obj)
 .text.rtc_nrf_isr
                0x00000000000035e4       0xe4 zephyr/drivers/timer/libdrivers__timer.a(nrf_rtc_timer.c.obj)
                0x00000000000035e4                rtc_nrf_isr
 .text.sys_clock_set_timeout
                0x00000000000036c8       0x64 zephyr/drivers/timer/libdrivers__timer.a(nrf_rtc_timer.c.obj)
                0x00000000000036c8                sys_clock_set_timeout
 .text.sys_clock_elapsed
                0x000000000000372c       0x14 zephyr/drivers/timer/libdrivers__timer.a(nrf_rtc_timer.c.obj)
                0x000000000000372c                sys_clock_elapsed
 .text.nrf_gpio_pin_clear
                0x0000000000003740       0x20 zephyr/drivers/pinctrl/libdrivers__pinctrl.a(pinctrl_nrf.c.obj)
 .text.nrf_pin_configure
                0x0000000000003760       0x44 zephyr/drivers/pinctrl/libdrivers__pinctrl.a(pinctrl_nrf.c.obj)
 .text.nrf_gpio_pin_set
                0x00000000000037a4       0x20 zephyr/drivers/pinctrl/libdrivers__pinctrl.a(pinctrl_nrf.c.obj)
 .text.nrf52_errata_98
                0x00000000000037c4       0x24 modules/hal_nordic/nrfx/libmodules__hal_nordic__nrfx.a(system_nrf52840.c.obj)
 .text.nvmc_wait
                0x00000000000037e8       0x10 modules/hal_nordic/nrfx/libmodules__hal_nordic__nrfx.a(system_nrf52840.c.obj)
                0x00000000000037e8                nvmc_wait
 .text.SystemInit
                0x00000000000037f8      0x1c8 modules/hal_nordic/nrfx/libmodules__hal_nordic__nrfx.a(system_nrf52840.c.obj)
                0x00000000000037f8                SystemInit
 .text.nrfx_flag32_alloc
                0x00000000000039c0       0x40 modules/hal_nordic/nrfx/libmodules__hal_nordic__nrfx.a(nrfx_flag32_allocator.c.obj)
                0x00000000000039c0                nrfx_flag32_alloc
 .text.nrfx_flag32_free
                0x0000000000003a00       0x40 modules/hal_nordic/nrfx/libmodules__hal_nordic__nrfx.a(nrfx_flag32_allocator.c.obj)
                0x0000000000003a00                nrfx_flag32_free
 .text.clock_stop
                0x0000000000003a40       0xc8 modules/hal_nordic/nrfx/libmodules__hal_nordic__nrfx.a(nrfx_clock.c.obj)
 .text.nrfx_clock_init
                0x0000000000003b08       0x20 modules/hal_nordic/nrfx/libmodules__hal_nordic__nrfx.a(nrfx_clock.c.obj)
                0x0000000000003b08                nrfx_clock_init
 .text.nrfx_power_clock_irq_handler
                0x0000000000003b28       0x68 modules/hal_nordic/nrfx/libmodules__hal_nordic__nrfx.a(nrfx_clock.c.obj)
                0x0000000000003b28                nrfx_power_clock_irq_handler
 .text.nrf_gpio_pin_port_decode
                0x0000000000003b90       0x1c modules/hal_nordic/nrfx/libmodules__hal_nordic__nrfx.a(nrfx_gpiote.c.obj)
 .text.pin_in_use_by_te
                0x0000000000003bac       0x14 modules/hal_nordic/nrfx/libmodules__hal_nordic__nrfx.a(nrfx_gpiote.c.obj)
 .text.call_handler
                0x0000000000003bc0       0x3c modules/hal_nordic/nrfx/libmodules__hal_nordic__nrfx.a(nrfx_gpiote.c.obj)
 .text.release_handler
                0x0000000000003bfc       0x54 modules/hal_nordic/nrfx/libmodules__hal_nordic__nrfx.a(nrfx_gpiote.c.obj)
 .text.pin_handler_trigger_uninit
                0x0000000000003c50       0x38 modules/hal_nordic/nrfx/libmodules__hal_nordic__nrfx.a(nrfx_gpiote.c.obj)
 .text.nrfx_gpiote_input_configure
                0x0000000000003c88      0x15c modules/hal_nordic/nrfx/libmodules__hal_nordic__nrfx.a(nrfx_gpiote.c.obj)
                0x0000000000003c88                nrfx_gpiote_input_configure
 .text.nrfx_gpiote_output_configure
                0x0000000000003de4       0xe0 modules/hal_nordic/nrfx/libmodules__hal_nordic__nrfx.a(nrfx_gpiote.c.obj)
                0x0000000000003de4                nrfx_gpiote_output_configure
 .text.nrfx_gpiote_global_callback_set
                0x0000000000003ec4        0xc modules/hal_nordic/nrfx/libmodules__hal_nordic__nrfx.a(nrfx_gpiote.c.obj)
                0x0000000000003ec4                nrfx_gpiote_global_callback_set
 .text.nrfx_gpiote_channel_get
                0x0000000000003ed0       0x2c modules/hal_nordic/nrfx/libmodules__hal_nordic__nrfx.a(nrfx_gpiote.c.obj)
                0x0000000000003ed0                nrfx_gpiote_channel_get
 .text.nrfx_gpiote_init
                0x0000000000003efc       0x50 modules/hal_nordic/nrfx/libmodules__hal_nordic__nrfx.a(nrfx_gpiote.c.obj)
                0x0000000000003efc                nrfx_gpiote_init
 .text.nrfx_gpiote_is_init
                0x0000000000003f4c       0x14 modules/hal_nordic/nrfx/libmodules__hal_nordic__nrfx.a(nrfx_gpiote.c.obj)
                0x0000000000003f4c                nrfx_gpiote_is_init
 .text.nrfx_gpiote_channel_free
                0x0000000000003f60        0xc modules/hal_nordic/nrfx/libmodules__hal_nordic__nrfx.a(nrfx_gpiote.c.obj)
                0x0000000000003f60                nrfx_gpiote_channel_free
 .text.nrfx_gpiote_channel_alloc
                0x0000000000003f6c        0xc modules/hal_nordic/nrfx/libmodules__hal_nordic__nrfx.a(nrfx_gpiote.c.obj)
                0x0000000000003f6c                nrfx_gpiote_channel_alloc
 .text.nrfx_gpiote_trigger_enable
                0x0000000000003f78       0x90 modules/hal_nordic/nrfx/libmodules__hal_nordic__nrfx.a(nrfx_gpiote.c.obj)
                0x0000000000003f78                nrfx_gpiote_trigger_enable
 .text.nrfx_gpiote_trigger_disable
                0x0000000000004008       0x50 modules/hal_nordic/nrfx/libmodules__hal_nordic__nrfx.a(nrfx_gpiote.c.obj)
                0x0000000000004008                nrfx_gpiote_trigger_disable
 .text.nrfx_gpiote_pin_uninit
                0x0000000000004058       0x48 modules/hal_nordic/nrfx/libmodules__hal_nordic__nrfx.a(nrfx_gpiote.c.obj)
                0x0000000000004058                nrfx_gpiote_pin_uninit
 .text.nrfx_gpiote_irq_handler
                0x00000000000040a0      0x1bc modules/hal_nordic/nrfx/libmodules__hal_nordic__nrfx.a(nrfx_gpiote.c.obj)
                0x00000000000040a0                nrfx_gpiote_irq_handler
 .text.nrfx_ppi_channel_alloc
                0x000000000000425c        0xc modules/hal_nordic/nrfx/libmodules__hal_nordic__nrfx.a(nrfx_ppi.c.obj)
                0x000000000000425c                nrfx_ppi_channel_alloc
 .text.twi_tx_start_transfer
                0x0000000000004268      0x104 modules/hal_nordic/nrfx/libmodules__hal_nordic__nrfx.a(nrfx_twi.c.obj)
 .text.twi_rx_start_transfer
                0x000000000000436c       0xe4 modules/hal_nordic/nrfx/libmodules__hal_nordic__nrfx.a(nrfx_twi.c.obj)
 .text.nrfx_twi_init
                0x0000000000004450       0xbc modules/hal_nordic/nrfx/libmodules__hal_nordic__nrfx.a(nrfx_twi.c.obj)
                0x0000000000004450                nrfx_twi_init
 .text.nrfx_twi_enable
                0x000000000000450c       0x20 modules/hal_nordic/nrfx/libmodules__hal_nordic__nrfx.a(nrfx_twi.c.obj)
                0x000000000000450c                nrfx_twi_enable
 .text.nrfx_twi_disable
                0x000000000000452c       0x38 modules/hal_nordic/nrfx/libmodules__hal_nordic__nrfx.a(nrfx_twi.c.obj)
                0x000000000000452c                nrfx_twi_disable
 .text.nrfx_twi_xfer
                0x0000000000004564       0xdc modules/hal_nordic/nrfx/libmodules__hal_nordic__nrfx.a(nrfx_twi.c.obj)
                0x0000000000004564                nrfx_twi_xfer
 .text.nrfx_twi_0_irq_handler
                0x0000000000004640       0xd8 modules/hal_nordic/nrfx/libmodules__hal_nordic__nrfx.a(nrfx_twi.c.obj)
                0x0000000000004640                nrfx_twi_0_irq_handler
 .text.nrf_gpio_pin_port_decode
                0x0000000000004718       0x1c modules/hal_nordic/nrfx/libmodules__hal_nordic__nrfx.a(nrfx_twi_twim.c.obj)
 .text.nrfx_twi_twim_bus_recover
                0x0000000000004734       0xc8 modules/hal_nordic/nrfx/libmodules__hal_nordic__nrfx.a(nrfx_twi_twim.c.obj)
                0x0000000000004734                nrfx_twi_twim_bus_recover
 .text._DoInit  0x00000000000047fc       0x6c modules/segger/libmodules__segger.a(SEGGER_RTT.c.obj)
 .text.z_sys_init_run_level
                0x0000000000004868       0x40 zephyr/kernel/libkernel.a(device.c.obj)
                0x0000000000004868                z_sys_init_run_level
 .text.bg_thread_main
                0x00000000000048a8       0x34 zephyr/kernel/libkernel.a(init.c.obj)
 .text.z_bss_zero
                0x00000000000048dc       0x18 zephyr/kernel/libkernel.a(init.c.obj)
                0x00000000000048dc                z_bss_zero
 .text.z_init_cpu
                0x00000000000048f4       0x70 zephyr/kernel/libkernel.a(init.c.obj)
                0x00000000000048f4                z_init_cpu
 .text.z_cstart
                0x0000000000004964       0xd4 zephyr/kernel/libkernel.a(init.c.obj)
                0x0000000000004964                z_cstart
 .text.init_mem_slab_module
                0x0000000000004a38       0x44 zephyr/kernel/libkernel.a(mem_slab.c.obj)
 .text.k_mem_slab_alloc
                0x0000000000004a7c       0x5c zephyr/kernel/libkernel.a(mem_slab.c.obj)
                0x0000000000004a7c                k_mem_slab_alloc
 .text.z_setup_new_thread
                0x0000000000004ad8       0x64 zephyr/kernel/libkernel.a(thread.c.obj)
                0x0000000000004ad8                z_setup_new_thread
 .text.z_impl_k_thread_create
                0x0000000000004b3c       0x58 zephyr/kernel/libkernel.a(thread.c.obj)
                0x0000000000004b3c                z_impl_k_thread_create
 .text.z_init_static_threads
                0x0000000000004b94       0xb8 zephyr/kernel/libkernel.a(thread.c.obj)
                0x0000000000004b94                z_init_static_threads
 .text.idle     0x0000000000004c4c       0x38 zephyr/kernel/libkernel.a(idle.c.obj)
                0x0000000000004c4c                idle
 .text.z_impl_k_mutex_lock
                0x0000000000004c84       0xf0 zephyr/kernel/libkernel.a(mutex.c.obj)
                0x0000000000004c84                z_impl_k_mutex_lock
 .text.z_impl_k_mutex_unlock
                0x0000000000004d74       0x84 zephyr/kernel/libkernel.a(mutex.c.obj)
                0x0000000000004d74                z_impl_k_mutex_unlock
 .text.z_impl_k_sem_give
                0x0000000000004df8       0x40 zephyr/kernel/libkernel.a(sem.c.obj)
                0x0000000000004df8                z_impl_k_sem_give
 .text.z_impl_k_sem_take
                0x0000000000004e38       0x50 zephyr/kernel/libkernel.a(sem.c.obj)
                0x0000000000004e38                z_impl_k_sem_take
 .text.z_reset_time_slice
                0x0000000000004e88       0x28 zephyr/kernel/libkernel.a(sched.c.obj)
                0x0000000000004e88                z_reset_time_slice
 .text.update_cache
                0x0000000000004eb0       0x3c zephyr/kernel/libkernel.a(sched.c.obj)
 .text.move_thread_to_end_of_prio_q
                0x0000000000004eec       0x74 zephyr/kernel/libkernel.a(sched.c.obj)
 .text.ready_thread
                0x0000000000004f60       0x68 zephyr/kernel/libkernel.a(sched.c.obj)
 .text.unready_thread
                0x0000000000004fc8       0x30 zephyr/kernel/libkernel.a(sched.c.obj)
 .text.pend     0x0000000000004ff8       0x4c zephyr/kernel/libkernel.a(sched.c.obj)
 .text.k_sched_time_slice_set
                0x0000000000005044       0x64 zephyr/kernel/libkernel.a(sched.c.obj)
                0x0000000000005044                k_sched_time_slice_set
 .text.z_time_slice
                0x00000000000050a8       0x84 zephyr/kernel/libkernel.a(sched.c.obj)
                0x00000000000050a8                z_time_slice
 .text.z_pend_curr
                0x000000000000512c       0x28 zephyr/kernel/libkernel.a(sched.c.obj)
                0x000000000000512c                z_pend_curr
 .text.z_set_prio
                0x0000000000005154       0x8c zephyr/kernel/libkernel.a(sched.c.obj)
                0x0000000000005154                z_set_prio
 .text.z_reschedule
                0x00000000000051e0       0x24 zephyr/kernel/libkernel.a(sched.c.obj)
                0x00000000000051e0                z_reschedule
 .text.z_sched_start
                0x0000000000005204       0x3c zephyr/kernel/libkernel.a(sched.c.obj)
                0x0000000000005204                z_sched_start
 .text.z_impl_k_thread_suspend
                0x0000000000005240       0x64 zephyr/kernel/libkernel.a(sched.c.obj)
                0x0000000000005240                z_impl_k_thread_suspend
 .text.k_sched_lock
                0x00000000000052a4       0x28 zephyr/kernel/libkernel.a(sched.c.obj)
                0x00000000000052a4                k_sched_lock
 .text.k_sched_unlock
                0x00000000000052cc       0x38 zephyr/kernel/libkernel.a(sched.c.obj)
                0x00000000000052cc                k_sched_unlock
 .text.z_sched_init
                0x0000000000005304       0x18 zephyr/kernel/libkernel.a(sched.c.obj)
                0x0000000000005304                z_sched_init
 .text.z_impl_k_yield
                0x000000000000531c       0x7c zephyr/kernel/libkernel.a(sched.c.obj)
                0x000000000000531c                z_impl_k_yield
 .text.z_tick_sleep
                0x0000000000005398       0x88 zephyr/kernel/libkernel.a(sched.c.obj)
 .text.z_impl_k_sleep
                0x0000000000005420       0x34 zephyr/kernel/libkernel.a(sched.c.obj)
                0x0000000000005420                z_impl_k_sleep
 .text.z_impl_z_current_get
                0x0000000000005454        0xc zephyr/kernel/libkernel.a(sched.c.obj)
                0x0000000000005454                z_impl_z_current_get
 .text.z_thread_abort
                0x0000000000005460       0xa4 zephyr/kernel/libkernel.a(sched.c.obj)
                0x0000000000005460                z_thread_abort
 .text.z_data_copy
                0x0000000000005504       0x34 zephyr/kernel/libkernel.a(xip.c.obj)
                0x0000000000005504                z_data_copy
 .text.elapsed  0x0000000000005538       0x14 zephyr/kernel/libkernel.a(timeout.c.obj)
 .text.next_timeout
                0x000000000000554c       0x50 zephyr/kernel/libkernel.a(timeout.c.obj)
 .text.remove_timeout
                0x000000000000559c       0x34 zephyr/kernel/libkernel.a(timeout.c.obj)
 .text.z_add_timeout
                0x00000000000055d0       0xfc zephyr/kernel/libkernel.a(timeout.c.obj)
                0x00000000000055d0                z_add_timeout
 .text.sys_clock_announce
                0x00000000000056cc       0xb8 zephyr/kernel/libkernel.a(timeout.c.obj)
                0x00000000000056cc                sys_clock_announce
 .text.sys_clock_tick_get
                0x0000000000005784       0x30 zephyr/kernel/libkernel.a(timeout.c.obj)
                0x0000000000005784                sys_clock_tick_get
 .text.z_timer_expiration_handler
                0x00000000000057b4       0x8c zephyr/kernel/libkernel.a(timer.c.obj)
                0x00000000000057b4                z_timer_expiration_handler
 .text.z_impl_k_timer_start
                0x0000000000005840       0x98 zephyr/kernel/libkernel.a(timer.c.obj)
                0x0000000000005840                z_impl_k_timer_start
 .text.boot_banner
                0x00000000000058d8       0x18 zephyr/kernel/libkernel.a(banner.c.obj)
                0x00000000000058d8                boot_banner
 .text.nrf_cc3xx_platform_init_no_rng
                0x00000000000058f0       0x38 /home/rt/ncs/nrfxlib/crypto/nrf_cc310_platform/lib/cortex-m4/soft-float/no-interrupts/libnrf_cc310_platform_0.9.14.a(nrf_cc3xx_platform.c.obj)
                0x00000000000058f0                nrf_cc3xx_platform_init_no_rng
 .text.nrf_cc3xx_platform_abort
                0x0000000000005928       0x24 /home/rt/ncs/nrfxlib/crypto/nrf_cc310_platform/lib/cortex-m4/soft-float/no-interrupts/libnrf_cc310_platform_0.9.14.a(nrf_cc3xx_platform_abort.c.obj)
 .text.CC_PalAbort
                0x000000000000594c       0x34 /home/rt/ncs/nrfxlib/crypto/nrf_cc310_platform/lib/cortex-m4/soft-float/no-interrupts/libnrf_cc310_platform_0.9.14.a(nrf_cc3xx_platform_abort.c.obj)
                0x000000000000594c                CC_PalAbort
 .text.nrf_cc3xx_platform_set_abort
                0x0000000000005980       0x10 /home/rt/ncs/nrfxlib/crypto/nrf_cc310_platform/lib/cortex-m4/soft-float/no-interrupts/libnrf_cc310_platform_0.9.14.a(nrf_cc3xx_platform_abort.c.obj)
                0x0000000000005980                nrf_cc3xx_platform_set_abort
 .text.mutex_free
                0x0000000000005990       0x28 /home/rt/ncs/nrfxlib/crypto/nrf_cc310_platform/lib/cortex-m4/soft-float/no-interrupts/libnrf_cc310_platform_0.9.14.a(nrf_cc3xx_platform_mutex.c.obj)
 .text.mutex_lock
                0x00000000000059b8       0x40 /home/rt/ncs/nrfxlib/crypto/nrf_cc310_platform/lib/cortex-m4/soft-float/no-interrupts/libnrf_cc310_platform_0.9.14.a(nrf_cc3xx_platform_mutex.c.obj)
 .text.mutex_unlock
                0x00000000000059f8       0x2c /home/rt/ncs/nrfxlib/crypto/nrf_cc310_platform/lib/cortex-m4/soft-float/no-interrupts/libnrf_cc310_platform_0.9.14.a(nrf_cc3xx_platform_mutex.c.obj)
 .text.mutex_init
                0x0000000000005a24       0x1c /home/rt/ncs/nrfxlib/crypto/nrf_cc310_platform/lib/cortex-m4/soft-float/no-interrupts/libnrf_cc310_platform_0.9.14.a(nrf_cc3xx_platform_mutex.c.obj)
 .text.nrf_cc3xx_platform_set_mutexes
                0x0000000000005a40       0x60 /home/rt/ncs/nrfxlib/crypto/nrf_cc310_platform/lib/cortex-m4/soft-float/no-interrupts/libnrf_cc310_platform_0.9.14.a(nrf_cc3xx_platform_mutex.c.obj)
                0x0000000000005a40                nrf_cc3xx_platform_set_mutexes
 .text.CC_LibInitNoRng
                0x0000000000005aa0       0x64 /home/rt/ncs/nrfxlib/crypto/nrf_cc310_platform/lib/cortex-m4/soft-float/no-interrupts/libnrf_cc310_platform_0.9.14.a(cc_lib.c.obj)
                0x0000000000005aa0                CC_LibInitNoRng
 .text.CC_HalInit
                0x0000000000005b04        0x4 /home/rt/ncs/nrfxlib/crypto/nrf_cc310_platform/lib/cortex-m4/soft-float/no-interrupts/libnrf_cc310_platform_0.9.14.a(cc_hal.c.obj)
                0x0000000000005b04                CC_HalInit
 .text.CC_HalTerminate
                0x0000000000005b08        0x4 /home/rt/ncs/nrfxlib/crypto/nrf_cc310_platform/lib/cortex-m4/soft-float/no-interrupts/libnrf_cc310_platform_0.9.14.a(cc_hal.c.obj)
                0x0000000000005b08                CC_HalTerminate
 .text.CC_HalMaskInterrupt
                0x0000000000005b0c        0xc /home/rt/ncs/nrfxlib/crypto/nrf_cc310_platform/lib/cortex-m4/soft-float/no-interrupts/libnrf_cc310_platform_0.9.14.a(cc_hal.c.obj)
                0x0000000000005b0c                CC_HalMaskInterrupt
 .text.CC_PalInit
                0x0000000000005b18       0x5c /home/rt/ncs/nrfxlib/crypto/nrf_cc310_platform/lib/cortex-m4/soft-float/no-interrupts/libnrf_cc310_platform_0.9.14.a(cc_pal.c.obj)
                0x0000000000005b18                CC_PalInit
 .text.CC_PalTerminate
                0x0000000000005b74       0x34 /home/rt/ncs/nrfxlib/crypto/nrf_cc310_platform/lib/cortex-m4/soft-float/no-interrupts/libnrf_cc310_platform_0.9.14.a(cc_pal.c.obj)
                0x0000000000005b74                CC_PalTerminate
 .text.CC_PalDmaInit
                0x0000000000005ba8        0x4 /home/rt/ncs/nrfxlib/crypto/nrf_cc310_platform/lib/cortex-m4/soft-float/no-interrupts/libnrf_cc310_platform_0.9.14.a(cc_pal_dma.c.obj)
                0x0000000000005ba8                CC_PalDmaInit
 .text.CC_PalDmaTerminate
                0x0000000000005bac        0x4 /home/rt/ncs/nrfxlib/crypto/nrf_cc310_platform/lib/cortex-m4/soft-float/no-interrupts/libnrf_cc310_platform_0.9.14.a(cc_pal_dma.c.obj)
                0x0000000000005bac                CC_PalDmaTerminate
 .text.CC_PalMutexCreate
                0x0000000000005bb0       0x14 /home/rt/ncs/nrfxlib/crypto/nrf_cc310_platform/lib/cortex-m4/soft-float/no-interrupts/libnrf_cc310_platform_0.9.14.a(cc_pal_mutex.c.obj)
                0x0000000000005bb0                CC_PalMutexCreate
 .text.CC_PalMutexDestroy
                0x0000000000005bc4       0x14 /home/rt/ncs/nrfxlib/crypto/nrf_cc310_platform/lib/cortex-m4/soft-float/no-interrupts/libnrf_cc310_platform_0.9.14.a(cc_pal_mutex.c.obj)
                0x0000000000005bc4                CC_PalMutexDestroy
 .text.CC_PalPowerSaveModeInit
                0x0000000000005bd8       0x3c /home/rt/ncs/nrfxlib/crypto/nrf_cc310_platform/lib/cortex-m4/soft-float/no-interrupts/libnrf_cc310_platform_0.9.14.a(cc_pal_pm.c.obj)
                0x0000000000005bd8                CC_PalPowerSaveModeInit
 .text.CC_PalPowerSaveModeSelect
                0x0000000000005c14       0x88 /home/rt/ncs/nrfxlib/crypto/nrf_cc310_platform/lib/cortex-m4/soft-float/no-interrupts/libnrf_cc310_platform_0.9.14.a(cc_pal_pm.c.obj)
                0x0000000000005c14                CC_PalPowerSaveModeSelect
 .text.gpio_pin_configure_dt
                0x0000000000005c9c       0x3e app/libapp.a(main.c.obj)
 .text.gpio_pin_get_dt
                0x0000000000005cda       0x2a app/libapp.a(main.c.obj)
 .text.device_is_ready
                0x0000000000005d04        0x4 app/libapp.a(main.c.obj)
 .text.k_uptime_get
                0x0000000000005d08       0x1c app/libapp.a(main.c.obj)
 .text.gpio_pin_set_dt.isra.0
                0x0000000000005d24       0x28 app/libapp.a(main.c.obj)
 .text.k_msleep.isra.0
                0x0000000000005d4c       0x26 app/libapp.a(main.c.obj)
 .text.sys_notify_validate
                0x0000000000005d72       0x22 zephyr/libzephyr.a(notify.c.obj)
                0x0000000000005d72                sys_notify_validate
 .text.sys_notify_finalize
                0x0000000000005d94       0x1a zephyr/libzephyr.a(notify.c.obj)
                0x0000000000005d94                sys_notify_finalize
 .text.arch_printk_char_out
                0x0000000000005dae        0x4 zephyr/libzephyr.a(printk.c.obj)
                0x0000000000005dae                arch_printk_char_out
 .text.printk   0x0000000000005db2       0x1a zephyr/libzephyr.a(printk.c.obj)
                0x0000000000005db2                printk
 .text.process_recheck
                0x0000000000005dcc       0x38 zephyr/libzephyr.a(onoff.c.obj)
 .text.validate_args
                0x0000000000005e04       0x20 zephyr/libzephyr.a(onoff.c.obj)
 .text.notify_one
                0x0000000000005e24       0x2c zephyr/libzephyr.a(onoff.c.obj)
 .text.transition_complete
                0x0000000000005e50       0x1c zephyr/libzephyr.a(onoff.c.obj)
 .text.onoff_manager_init
                0x0000000000005e6c       0x26 zephyr/libzephyr.a(onoff.c.obj)
                0x0000000000005e6c                onoff_manager_init
 .text.onoff_request
                0x0000000000005e92       0xb0 zephyr/libzephyr.a(onoff.c.obj)
                0x0000000000005e92                onoff_request
 .text.z_thread_entry
                0x0000000000005f42       0x14 zephyr/libzephyr.a(thread_entry.c.obj)
                0x0000000000005f42                z_thread_entry
 .text.encode_uint
                0x0000000000005f56       0x8c zephyr/libzephyr.a(cbprintf_complete.c.obj)
 .text.outs     0x0000000000005fe2       0x2e zephyr/libzephyr.a(cbprintf_complete.c.obj)
 .text._ConfigAbsSyms
                0x0000000000006010        0x2 zephyr/libzephyr.a(configs.c.obj)
                0x0000000000006010                _ConfigAbsSyms
 .text.abort_function
                0x0000000000006012        0x8 zephyr/libzephyr.a(nrf_cc3xx_platform_abort_zephyr.c.obj)
 .text.z_arm_fatal_error
                0x000000000000601a        0x4 zephyr/arch/arch/arm/core/aarch32/libarch__arm__core__aarch32.a(fatal.c.obj)
                0x000000000000601a                z_arm_fatal_error
 .text.z_do_kernel_oops
                0x000000000000601e        0x8 zephyr/arch/arch/arm/core/aarch32/libarch__arm__core__aarch32.a(fatal.c.obj)
                0x000000000000601e                z_do_kernel_oops
 .text.z_irq_spurious
                0x0000000000006026        0x8 zephyr/arch/arch/arm/core/aarch32/libarch__arm__core__aarch32.a(irq_manage.c.obj)
                0x0000000000006026                z_irq_spurious
 .text.z_arm_nmi
                0x000000000000602e        0xe zephyr/arch/arch/arm/core/aarch32/libarch__arm__core__aarch32.a(nmi.c.obj)
                0x000000000000602e                z_arm_nmi
 .text.strcpy   0x000000000000603c       0x14 zephyr/lib/libc/minimal/liblib__libc__minimal.a(string.c.obj)
                0x000000000000603c                strcpy
 .text.strlen   0x0000000000006050        0xe zephyr/lib/libc/minimal/liblib__libc__minimal.a(string.c.obj)
                0x0000000000006050                strlen
 .text.strnlen  0x000000000000605e       0x12 zephyr/lib/libc/minimal/liblib__libc__minimal.a(string.c.obj)
                0x000000000000605e                strnlen
 .text.memcpy   0x0000000000006070       0x16 zephyr/lib/libc/minimal/liblib__libc__minimal.a(string.c.obj)
                0x0000000000006070                memcpy
 .text.memset   0x0000000000006086       0x12 zephyr/lib/libc/minimal/liblib__libc__minimal.a(string.c.obj)
                0x0000000000006086                memset
 .text._stdout_hook_default
                0x0000000000006098        0x6 zephyr/lib/libc/minimal/liblib__libc__minimal.a(stdout_console.c.obj)
 .text.pm_state_set
                0x000000000000609e       0x18 zephyr/soc/arm/nordic_nrf/nrf52/libsoc__arm__nordic_nrf__nrf52.a(power.c.obj)
                0x000000000000609e                pm_state_set
 .text.pm_state_exit_post_ops
                0x00000000000060b6        0xc zephyr/soc/arm/nordic_nrf/nrf52/libsoc__arm__nordic_nrf__nrf52.a(power.c.obj)
                0x00000000000060b6                pm_state_exit_post_ops
 .text.get_status
                0x00000000000060c2       0x12 zephyr/drivers/clock_control/libdrivers__clock_control.a(clock_control_nrf.c.obj)
 .text.set_on_state
                0x00000000000060d4       0x26 zephyr/drivers/clock_control/libdrivers__clock_control.a(clock_control_nrf.c.obj)
 .text.stop     0x00000000000060fa       0x54 zephyr/drivers/clock_control/libdrivers__clock_control.a(clock_control_nrf.c.obj)
 .text.api_stop
                0x000000000000614e        0x6 zephyr/drivers/clock_control/libdrivers__clock_control.a(clock_control_nrf.c.obj)
 .text.async_start
                0x0000000000006154       0x5e zephyr/drivers/clock_control/libdrivers__clock_control.a(clock_control_nrf.c.obj)
 .text.api_start
                0x00000000000061b2        0xe zephyr/drivers/clock_control/libdrivers__clock_control.a(clock_control_nrf.c.obj)
 .text.onoff_started_callback
                0x00000000000061c0       0x12 zephyr/drivers/clock_control/libdrivers__clock_control.a(clock_control_nrf.c.obj)
 .text.lfclk_start
                0x00000000000061d2        0x6 zephyr/drivers/clock_control/libdrivers__clock_control.a(clock_control_nrf.c.obj)
 .text.lfclk_stop
                0x00000000000061d8        0x6 zephyr/drivers/clock_control/libdrivers__clock_control.a(clock_control_nrf.c.obj)
 .text.blocking_start_callback
                0x00000000000061de        0x6 zephyr/drivers/clock_control/libdrivers__clock_control.a(clock_control_nrf.c.obj)
 .text.gpio_nrfx_port_get_raw
                0x00000000000061e4        0xe zephyr/drivers/gpio/libdrivers__gpio.a(gpio_nrfx.c.obj)
 .text.gpio_nrfx_port_set_masked_raw
                0x00000000000061f2       0x16 zephyr/drivers/gpio/libdrivers__gpio.a(gpio_nrfx.c.obj)
 .text.gpio_nrfx_port_set_bits_raw
                0x0000000000006208        0xc zephyr/drivers/gpio/libdrivers__gpio.a(gpio_nrfx.c.obj)
 .text.gpio_nrfx_port_clear_bits_raw
                0x0000000000006214        0xc zephyr/drivers/gpio/libdrivers__gpio.a(gpio_nrfx.c.obj)
 .text.gpio_nrfx_port_toggle_bits
                0x0000000000006220       0x12 zephyr/drivers/gpio/libdrivers__gpio.a(gpio_nrfx.c.obj)
 .text.gpio_nrfx_manage_callback
                0x0000000000006232       0x54 zephyr/drivers/gpio/libdrivers__gpio.a(gpio_nrfx.c.obj)
 .text.i2c_nrfx_twi_configure
                0x0000000000006286       0x32 zephyr/drivers/i2c/libdrivers__i2c.a(i2c_nrfx_twi.c.obj)
 .text.uarte_nrfx_config_get
                0x00000000000062b8       0x10 zephyr/drivers/serial/libdrivers__serial.a(uart_nrfx_uarte.c.obj)
 .text.uarte_nrfx_err_check
                0x00000000000062c8        0xe zephyr/drivers/serial/libdrivers__serial.a(uart_nrfx_uarte.c.obj)
 .text.tx_start
                0x00000000000062d6       0x4c zephyr/drivers/serial/libdrivers__serial.a(uart_nrfx_uarte.c.obj)
 .text.user_callback
                0x0000000000006322        0xe zephyr/drivers/serial/libdrivers__serial.a(uart_nrfx_uarte.c.obj)
 .text.notify_uart_rx_rdy
                0x0000000000006330       0x32 zephyr/drivers/serial/libdrivers__serial.a(uart_nrfx_uarte.c.obj)
 .text.rx_buf_release
                0x0000000000006362       0x30 zephyr/drivers/serial/libdrivers__serial.a(uart_nrfx_uarte.c.obj)
 .text.notify_rx_disable
                0x0000000000006392       0x22 zephyr/drivers/serial/libdrivers__serial.a(uart_nrfx_uarte.c.obj)
 .text.uarte_nrfx_rx_buf_rsp
                0x00000000000063b4       0x50 zephyr/drivers/serial/libdrivers__serial.a(uart_nrfx_uarte.c.obj)
 .text.uarte_nrfx_callback_set
                0x0000000000006404       0x14 zephyr/drivers/serial/libdrivers__serial.a(uart_nrfx_uarte.c.obj)
 .text.uarte_nrfx_poll_in
                0x0000000000006418       0x30 zephyr/drivers/serial/libdrivers__serial.a(uart_nrfx_uarte.c.obj)
 .text.uarte_nrfx_rx_disable
                0x0000000000006448       0x42 zephyr/drivers/serial/libdrivers__serial.a(uart_nrfx_uarte.c.obj)
 .text.rx_flush.isra.0
                0x000000000000648a       0x68 zephyr/drivers/serial/libdrivers__serial.a(uart_nrfx_uarte.c.obj)
 .text.setup_tx_cache.isra.0
                0x00000000000064f2       0x28 zephyr/drivers/serial/libdrivers__serial.a(uart_nrfx_uarte.c.obj)
 .text.async_uart_release
                0x000000000000651a       0x4e zephyr/drivers/serial/libdrivers__serial.a(uart_nrfx_uarte.c.obj)
 .text.is_tx_ready.isra.0
                0x0000000000006568       0x20 zephyr/drivers/serial/libdrivers__serial.a(uart_nrfx_uarte.c.obj)
 .text.start_tx_locked
                0x0000000000006588       0x32 zephyr/drivers/serial/libdrivers__serial.a(uart_nrfx_uarte.c.obj)
 .text.uarte_1_init
                0x00000000000065ba       0x1e zephyr/drivers/serial/libdrivers__serial.a(uart_nrfx_uarte.c.obj)
 .text.uarte_0_init
                0x00000000000065d8       0x1e zephyr/drivers/serial/libdrivers__serial.a(uart_nrfx_uarte.c.obj)
 .text.uarte_nrfx_rx_enable
                0x00000000000065f6      0x110 zephyr/drivers/serial/libdrivers__serial.a(uart_nrfx_uarte.c.obj)
 .text.rx_timeout
                0x0000000000006706       0x9c zephyr/drivers/serial/libdrivers__serial.a(uart_nrfx_uarte.c.obj)
 .text.uarte_nrfx_tx_abort
                0x00000000000067a2       0x28 zephyr/drivers/serial/libdrivers__serial.a(uart_nrfx_uarte.c.obj)
 .text.tx_timeout
                0x00000000000067ca        0x8 zephyr/drivers/serial/libdrivers__serial.a(uart_nrfx_uarte.c.obj)
 .text.sys_clock_idle_exit
                0x00000000000067d2        0x2 zephyr/drivers/timer/libdrivers__timer.a(sys_clock_init.c.obj)
                0x00000000000067d2                sys_clock_idle_exit
 .text.pinctrl_lookup_state
                0x00000000000067d4       0x30 zephyr/drivers/pinctrl/libdrivers__pinctrl.a(common.c.obj)
                0x00000000000067d4                pinctrl_lookup_state
 .text.nrf_gpio_pin_write
                0x0000000000006804        0xa zephyr/drivers/pinctrl/libdrivers__pinctrl.a(pinctrl_nrf.c.obj)
 .text.pinctrl_configure_pins
                0x000000000000680e      0x13e zephyr/drivers/pinctrl/libdrivers__pinctrl.a(pinctrl_nrf.c.obj)
                0x000000000000680e                pinctrl_configure_pins
 .text.k_sys_fatal_error_handler
                0x000000000000694c        0x8 modules/nrf/lib/fatal_error/lib..__nrf__lib__fatal_error.a(fatal_error.c.obj)
                0x000000000000694c                k_sys_fatal_error_handler
 .text.hw_cc3xx_init_internal
                0x0000000000006954        0x4 modules/nrf/drivers/hw_cc310/lib..__nrf__drivers__hw_cc310.a(hw_cc310.c.obj)
 .text.hw_cc3xx_init
                0x0000000000006958       0x12 modules/nrf/drivers/hw_cc310/lib..__nrf__drivers__hw_cc310.a(hw_cc310.c.obj)
 .text.nrfx_isr
                0x000000000000696a        0x2 modules/hal_nordic/nrfx/libmodules__hal_nordic__nrfx.a(nrfx_glue.c.obj)
                0x000000000000696a                nrfx_isr
 .text.nrfx_busy_wait
                0x000000000000696c        0x4 modules/hal_nordic/nrfx/libmodules__hal_nordic__nrfx.a(nrfx_glue.c.obj)
                0x000000000000696c                nrfx_busy_wait
 .text.nrfx_clock_enable
                0x0000000000006970       0x1a modules/hal_nordic/nrfx/libmodules__hal_nordic__nrfx.a(nrfx_clock.c.obj)
                0x0000000000006970                nrfx_clock_enable
 .text.nrfx_clock_start
                0x000000000000698a       0x78 modules/hal_nordic/nrfx/libmodules__hal_nordic__nrfx.a(nrfx_clock.c.obj)
                0x000000000000698a                nrfx_clock_start
 .text.nrfx_clock_stop
                0x0000000000006a02        0x4 modules/hal_nordic/nrfx/libmodules__hal_nordic__nrfx.a(nrfx_clock.c.obj)
                0x0000000000006a02                nrfx_clock_stop
 .text.nrf_gpio_reconfigure
                0x0000000000006a06       0x92 modules/hal_nordic/nrfx/libmodules__hal_nordic__nrfx.a(nrfx_gpiote.c.obj)
 .text.nrf_gpio_cfg_sense_set
                0x0000000000006a98       0x1e modules/hal_nordic/nrfx/libmodules__hal_nordic__nrfx.a(nrfx_gpiote.c.obj)
 .text.twi_transfer
                0x0000000000006ab6      0x130 modules/hal_nordic/nrfx/libmodules__hal_nordic__nrfx.a(nrfx_twi.c.obj)
 .text.nrf_gpio_pin_set
                0x0000000000006be6       0x1a modules/hal_nordic/nrfx/libmodules__hal_nordic__nrfx.a(nrfx_twi_twim.c.obj)
 .text.SEGGER_RTT_Init
                0x0000000000006c00        0x4 modules/segger/libmodules__segger.a(SEGGER_RTT.c.obj)
                0x0000000000006c00                SEGGER_RTT_Init
 .text.rtt_init
                0x0000000000006c04        0xa modules/segger/libmodules__segger.a(SEGGER_RTT_zephyr.c.obj)
 .text.z_device_state_init
                0x0000000000006c0e        0x2 zephyr/kernel/libkernel.a(device.c.obj)
                0x0000000000006c0e                z_device_state_init
 .text.z_device_is_ready
                0x0000000000006c10       0x14 zephyr/kernel/libkernel.a(device.c.obj)
                0x0000000000006c10                z_device_is_ready
 .text.z_fatal_error
                0x0000000000006c24       0x36 zephyr/kernel/libkernel.a(fatal.c.obj)
                0x0000000000006c24                z_fatal_error
 .text.z_early_memset
                0x0000000000006c5a        0x4 zephyr/kernel/libkernel.a(init.c.obj)
                0x0000000000006c5a                z_early_memset
 .text.z_early_memcpy
                0x0000000000006c5e        0x4 zephyr/kernel/libkernel.a(init.c.obj)
                0x0000000000006c5e                z_early_memcpy
 .text.k_mem_slab_init
                0x0000000000006c62       0x36 zephyr/kernel/libkernel.a(mem_slab.c.obj)
                0x0000000000006c62                k_mem_slab_init
 .text.k_mem_slab_free
                0x0000000000006c98       0x52 zephyr/kernel/libkernel.a(mem_slab.c.obj)
                0x0000000000006c98                k_mem_slab_free
 .text.k_is_in_isr
                0x0000000000006cea        0xc zephyr/kernel/libkernel.a(thread.c.obj)
                0x0000000000006cea                k_is_in_isr
 .text.z_pm_save_idle_exit
                0x0000000000006cf6        0xe zephyr/kernel/libkernel.a(idle.c.obj)
                0x0000000000006cf6                z_pm_save_idle_exit
 .text.adjust_owner_prio.isra.0
                0x0000000000006d04       0x10 zephyr/kernel/libkernel.a(mutex.c.obj)
 .text.z_impl_k_mutex_init
                0x0000000000006d14        0xe zephyr/kernel/libkernel.a(mutex.c.obj)
                0x0000000000006d14                z_impl_k_mutex_init
 .text.sys_dlist_remove
                0x0000000000006d22       0x10 zephyr/kernel/libkernel.a(sched.c.obj)
 .text.unpend_thread_no_timeout
                0x0000000000006d32       0x14 zephyr/kernel/libkernel.a(sched.c.obj)
 .text.z_thread_timeout
                0x0000000000006d46       0x44 zephyr/kernel/libkernel.a(sched.c.obj)
                0x0000000000006d46                z_thread_timeout
 .text.add_to_waitq_locked
                0x0000000000006d8a       0x50 zephyr/kernel/libkernel.a(sched.c.obj)
 .text.z_ready_thread
                0x0000000000006dda       0x20 zephyr/kernel/libkernel.a(sched.c.obj)
                0x0000000000006dda                z_ready_thread
 .text.z_unpend_thread_no_timeout
                0x0000000000006dfa       0x20 zephyr/kernel/libkernel.a(sched.c.obj)
                0x0000000000006dfa                z_unpend_thread_no_timeout
 .text.z_unpend1_no_timeout
                0x0000000000006e1a       0x2e zephyr/kernel/libkernel.a(sched.c.obj)
                0x0000000000006e1a                z_unpend1_no_timeout
 .text.z_unpend_first_thread
                0x0000000000006e48       0x38 zephyr/kernel/libkernel.a(sched.c.obj)
                0x0000000000006e48                z_unpend_first_thread
 .text.z_reschedule_irqlock
                0x0000000000006e80       0x18 zephyr/kernel/libkernel.a(sched.c.obj)
                0x0000000000006e80                z_reschedule_irqlock
 .text.z_reschedule_unlocked
                0x0000000000006e98       0x14 zephyr/kernel/libkernel.a(sched.c.obj)
 .text.z_abort_timeout
                0x0000000000006eac       0x2c zephyr/kernel/libkernel.a(timeout.c.obj)
                0x0000000000006eac                z_abort_timeout
 .text.z_get_next_timeout_expiry
                0x0000000000006ed8       0x20 zephyr/kernel/libkernel.a(timeout.c.obj)
                0x0000000000006ed8                z_get_next_timeout_expiry
 .text.z_set_timeout_expiry
                0x0000000000006ef8       0x38 zephyr/kernel/libkernel.a(timeout.c.obj)
                0x0000000000006ef8                z_set_timeout_expiry
 .text.sys_clock_tick_get_32
                0x0000000000006f30        0x8 zephyr/kernel/libkernel.a(timeout.c.obj)
                0x0000000000006f30                sys_clock_tick_get_32
 .text.z_impl_k_uptime_ticks
                0x0000000000006f38        0x4 zephyr/kernel/libkernel.a(timeout.c.obj)
                0x0000000000006f38                z_impl_k_uptime_ticks
 .text.z_impl_k_busy_wait
                0x0000000000006f3c        0x8 zephyr/kernel/libkernel.a(timeout.c.obj)
                0x0000000000006f3c                z_impl_k_busy_wait
 .text.k_timer_init
                0x0000000000006f44       0x18 zephyr/kernel/libkernel.a(timer.c.obj)
                0x0000000000006f44                k_timer_init
 .text.z_impl_k_timer_stop
                0x0000000000006f5c       0x3a zephyr/kernel/libkernel.a(timer.c.obj)
                0x0000000000006f5c                z_impl_k_timer_stop
 .text._OffsetAbsSyms
                0x0000000000006f96        0x2 zephyr/CMakeFiles/offsets.dir/./arch/arm/core/offsets/offsets.c.obj
                0x0000000000006f96                _OffsetAbsSyms
 *(SORT_BY_ALIGNMENT(.TEXT.*))
 .TEXT.z_arm_platform_init
                0x0000000000006f98        0x4 zephyr/libzephyr.a(soc_nrf_common.S.obj)
                0x0000000000006f98                z_arm_platform_init
 *(SORT_BY_ALIGNMENT(.gnu.linkonce.t.*))
 *(SORT_BY_ALIGNMENT(.glue_7t))
 .glue_7t       0x0000000000006f9c        0x0 linker stubs
 *(SORT_BY_ALIGNMENT(.glue_7))
 .glue_7        0x0000000000006f9c        0x0 linker stubs
 *(SORT_BY_ALIGNMENT(.vfp11_veneer))
 .vfp11_veneer  0x0000000000006f9c        0x0 linker stubs
 *(SORT_BY_ALIGNMENT(.v4_bx))
 .v4_bx         0x0000000000006f9c        0x0 linker stubs
                0x0000000000006f9c                __text_region_end = .

.ARM.exidx      0x0000000000006f9c        0x8
                0x0000000000006f9c                __exidx_start = .
 *(SORT_BY_ALIGNMENT(.ARM.exidx*) SORT_BY_ALIGNMENT(gnu.linkonce.armexidx.*))
 .ARM.exidx     0x0000000000006f9c        0x8 /home/rt/ncs/toolchains/v2.3.0/opt/zephyr-sdk/arm-zephyr-eabi/bin/../lib/gcc/arm-zephyr-eabi/12.1.0/thumb/v7e-m/nofp/libgcc.a(_udivmoddi4.o)
                0x0000000000006fa4                __exidx_end = .
                0x0000000000006fa4                __rodata_region_start = .

initlevel       0x0000000000006fa4       0x68
                0x0000000000006fa4                __init_start = .
                0x0000000000006fa4                __init_PRE_KERNEL_1_start = .
 *(SORT_BY_NAME(SORT_BY_ALIGNMENT(.z_init_PRE_KERNEL_1[0-9]_*)))
 .z_init_PRE_KERNEL_10_
                0x0000000000006fa4        0x8 zephyr/soc/arm/nordic_nrf/nrf52/libsoc__arm__nordic_nrf__nrf52.a(soc.c.obj)
 *(SORT_BY_NAME(SORT_BY_ALIGNMENT(.z_init_PRE_KERNEL_1[1-9][0-9]_*)))
 .z_init_PRE_KERNEL_130_
                0x0000000000006fac        0x8 zephyr/drivers/clock_control/libdrivers__clock_control.a(clock_control_nrf.c.obj)
 .z_init_PRE_KERNEL_130_
                0x0000000000006fb4        0x8 modules/segger/libmodules__segger.a(SEGGER_RTT_zephyr.c.obj)
 .z_init_PRE_KERNEL_130_
                0x0000000000006fbc        0x8 zephyr/kernel/libkernel.a(mem_slab.c.obj)
 .z_init_PRE_KERNEL_140_
                0x0000000000006fc4       0x10 zephyr/drivers/gpio/libdrivers__gpio.a(gpio_nrfx.c.obj)
 .z_init_PRE_KERNEL_140_
                0x0000000000006fd4        0x8 modules/nrf/drivers/hw_cc310/lib..__nrf__drivers__hw_cc310.a(hw_cc310.c.obj)
 .z_init_PRE_KERNEL_155_
                0x0000000000006fdc       0x10 zephyr/drivers/serial/libdrivers__serial.a(uart_nrfx_uarte.c.obj)
 .z_init_PRE_KERNEL_160_
                0x0000000000006fec        0x8 zephyr/drivers/console/libdrivers__console.a(uart_console.c.obj)
                0x0000000000006ff4                __init_PRE_KERNEL_2_start = .
 *(SORT_BY_NAME(SORT_BY_ALIGNMENT(.z_init_PRE_KERNEL_2[0-9]_*)))
 .z_init_PRE_KERNEL_20_
                0x0000000000006ff4        0x8 zephyr/drivers/timer/libdrivers__timer.a(nrf_rtc_timer.c.obj)
 *(SORT_BY_NAME(SORT_BY_ALIGNMENT(.z_init_PRE_KERNEL_2[1-9][0-9]_*)))
                0x0000000000006ffc                __init_POST_KERNEL_start = .
 *(SORT_BY_NAME(SORT_BY_ALIGNMENT(.z_init_POST_KERNEL[0-9]_*)))
 *(SORT_BY_NAME(SORT_BY_ALIGNMENT(.z_init_POST_KERNEL[1-9][0-9]_*)))
 .z_init_POST_KERNEL40_
                0x0000000000006ffc        0x8 modules/nrf/drivers/hw_cc310/lib..__nrf__drivers__hw_cc310.a(hw_cc310.c.obj)
 .z_init_POST_KERNEL50_
                0x0000000000007004        0x8 zephyr/drivers/i2c/libdrivers__i2c.a(i2c_nrfx_twi.c.obj)
                0x000000000000700c                __init_APPLICATION_start = .
 *(SORT_BY_NAME(SORT_BY_ALIGNMENT(.z_init_APPLICATION[0-9]_*)))
 *(SORT_BY_NAME(SORT_BY_ALIGNMENT(.z_init_APPLICATION[1-9][0-9]_*)))
                0x000000000000700c                __init_SMP_start = .
 *(SORT_BY_NAME(SORT_BY_ALIGNMENT(.z_init_SMP[0-9]_*)))
 *(SORT_BY_NAME(SORT_BY_ALIGNMENT(.z_init_SMP[1-9][0-9]_*)))
                0x000000000000700c                __init_end = .

devices         0x000000000000700c       0x90
                0x000000000000700c                __device_start = .
                0x000000000000700c                __device_PRE_KERNEL_1_start = .
 *(SORT_BY_NAME(SORT_BY_ALIGNMENT(.z_device_PRE_KERNEL_1[0-9]_*)))
 *(SORT_BY_NAME(SORT_BY_ALIGNMENT(.z_device_PRE_KERNEL_1[1-9][0-9]_*)))
 .z_device_PRE_KERNEL_130_
                0x000000000000700c       0x18 zephyr/drivers/clock_control/libdrivers__clock_control.a(clock_control_nrf.c.obj)
                0x000000000000700c                __device_dts_ord_72
 .z_device_PRE_KERNEL_140_
                0x0000000000007024       0x30 zephyr/drivers/gpio/libdrivers__gpio.a(gpio_nrfx.c.obj)
                0x0000000000007024                __device_dts_ord_103
                0x000000000000703c                __device_dts_ord_11
 .z_device_PRE_KERNEL_155_
                0x0000000000007054       0x30 zephyr/drivers/serial/libdrivers__serial.a(uart_nrfx_uarte.c.obj)
                0x0000000000007054                __device_dts_ord_112
                0x000000000000706c                __device_dts_ord_111
                0x0000000000007084                __device_PRE_KERNEL_2_start = .
 *(SORT_BY_NAME(SORT_BY_ALIGNMENT(.z_device_PRE_KERNEL_2[0-9]_*)))
 *(SORT_BY_NAME(SORT_BY_ALIGNMENT(.z_device_PRE_KERNEL_2[1-9][0-9]_*)))
                0x0000000000007084                __device_POST_KERNEL_start = .
 *(SORT_BY_NAME(SORT_BY_ALIGNMENT(.z_device_POST_KERNEL[0-9]_*)))
 *(SORT_BY_NAME(SORT_BY_ALIGNMENT(.z_device_POST_KERNEL[1-9][0-9]_*)))
 .z_device_POST_KERNEL50_
                0x0000000000007084       0x18 zephyr/drivers/i2c/libdrivers__i2c.a(i2c_nrfx_twi.c.obj)
                0x0000000000007084                __device_dts_ord_126
                0x000000000000709c                __device_APPLICATION_start = .
 *(SORT_BY_NAME(SORT_BY_ALIGNMENT(.z_device_APPLICATION[0-9]_*)))
 *(SORT_BY_NAME(SORT_BY_ALIGNMENT(.z_device_APPLICATION[1-9][0-9]_*)))
                0x000000000000709c                __device_SMP_start = .
 *(SORT_BY_NAME(SORT_BY_ALIGNMENT(.z_device_SMP[0-9]_*)))
 *(SORT_BY_NAME(SORT_BY_ALIGNMENT(.z_device_SMP[1-9][0-9]_*)))
                0x000000000000709c                __device_end = .

sw_isr_table    0x000000000000709c      0x180
                0x000000000000709c                . = ALIGN (0x0)
 *(SORT_BY_ALIGNMENT(.gnu.linkonce.sw_isr_table*))
 .gnu.linkonce.sw_isr_table
                0x000000000000709c      0x180 zephyr/arch/common/libisr_tables.a(isr_tables.c.obj)
                0x000000000000709c                _sw_isr_table

initlevel_error
                0x0000000000006fa4        0x0
 *(SORT_BY_NAME(SORT_BY_ALIGNMENT(.z_init_[_A-Z0-9]*)))
                0x0000000000000001                ASSERT ((SIZEOF (initlevel_error) == 0x0), Undefined initialization levels used.)

app_shmem_regions
                0x000000000000721c        0x0
                0x000000000000721c                __app_shmem_regions_start = .
 *(SORT_BY_NAME(SORT_BY_ALIGNMENT(.app_regions.*)))
                0x000000000000721c                __app_shmem_regions_end = .

bt_l2cap_fixed_chan_area
                0x000000000000721c        0x0
                0x000000000000721c                _bt_l2cap_fixed_chan_list_start = .
 *(SORT_BY_NAME(SORT_BY_ALIGNMENT(._bt_l2cap_fixed_chan.static.*)))
                0x000000000000721c                _bt_l2cap_fixed_chan_list_end = .

bt_gatt_service_static_area
                0x000000000000721c        0x0
                0x000000000000721c                _bt_gatt_service_static_list_start = .
 *(SORT_BY_NAME(SORT_BY_ALIGNMENT(._bt_gatt_service_static.static.*)))
                0x000000000000721c                _bt_gatt_service_static_list_end = .

k_p4wq_initparam_area
                0x000000000000721c        0x0
                0x000000000000721c                _k_p4wq_initparam_list_start = .
 *(SORT_BY_NAME(SORT_BY_ALIGNMENT(._k_p4wq_initparam.static.*)))
                0x000000000000721c                _k_p4wq_initparam_list_end = .

log_strings_sections
                0x000000000000721c        0x0
                0x000000000000721c                __log_strings_start = .
 *(SORT_BY_NAME(SORT_BY_ALIGNMENT(.log_strings*)))
                0x000000000000721c                __log_strings_end = .

log_const_sections
                0x000000000000721c        0x0
                0x000000000000721c                __log_const_start = .
 *(SORT_BY_NAME(SORT_BY_ALIGNMENT(.log_const_*)))
                0x000000000000721c                __log_const_end = .

log_backends_sections
                0x000000000000721c        0x0
                0x000000000000721c                __log_backends_start = .
 *(SORT_BY_ALIGNMENT(._log_backend.*))
                0x000000000000721c                __log_backends_end = .

shell_area      0x000000000000721c        0x0
                0x000000000000721c                _shell_list_start = .
 *(SORT_BY_NAME(SORT_BY_ALIGNMENT(._shell.static.*)))
                0x000000000000721c                _shell_list_end = .

shell_root_cmds_sections
                0x000000000000721c        0x0
                0x000000000000721c                __shell_root_cmds_start = .
 *(SORT_BY_NAME(SORT_BY_ALIGNMENT(.shell_root_cmd_*)))
                0x000000000000721c                __shell_root_cmds_end = .

font_entry_sections
                0x000000000000721c        0x0
                0x000000000000721c                __font_entry_start = .
 *(SORT_BY_NAME(SORT_BY_ALIGNMENT(._cfb_font.*)))
                0x000000000000721c                __font_entry_end = .

tracing_backend_area
                0x000000000000721c        0x0
                0x000000000000721c                _tracing_backend_list_start = .
 *(SORT_BY_NAME(SORT_BY_ALIGNMENT(._tracing_backend.static.*)))
                0x000000000000721c                _tracing_backend_list_end = .

zephyr_dbg_info
 *(SORT_BY_ALIGNMENT(.dbg_thread_info))

device_handles  0x000000000000721c       0x58
                0x000000000000721c                __device_handles_start = .
 *(SORT_BY_NAME(SORT_BY_ALIGNMENT(.__device_handles_pass1*)))
 .__device_handles_pass1
                0x000000000000721c        0xa zephyr/drivers/clock_control/libdrivers__clock_control.a(clock_control_nrf.c.obj)
                0x000000000000721c                __devicehdl_DT_N_S_soc_S_clock_40000000
 .__device_handles_pass1
                0x0000000000007226       0x22 zephyr/drivers/gpio/libdrivers__gpio.a(gpio_nrfx.c.obj)
                0x0000000000007226                __devicehdl_DT_N_S_soc_S_gpio_50000300
                0x0000000000007230                __devicehdl_DT_N_S_soc_S_gpio_50000000
 .__device_handles_pass1
                0x0000000000007248       0x10 zephyr/drivers/i2c/libdrivers__i2c.a(i2c_nrfx_twi.c.obj)
                0x0000000000007248                __devicehdl_DT_N_S_soc_S_i2c_40003000
 .__device_handles_pass1
                0x0000000000007258       0x1c zephyr/drivers/serial/libdrivers__serial.a(uart_nrfx_uarte.c.obj)
                0x0000000000007258                __devicehdl_DT_N_S_soc_S_uart_40028000
                0x0000000000007266                __devicehdl_DT_N_S_soc_S_uart_40002000
                0x0000000000007274                __device_handles_end = .

rodata          0x0000000000007280      0x858
 *(SORT_BY_ALIGNMENT(.rodata))
 *(SORT_BY_ALIGNMENT(.rodata.*))
 .rodata.delay_machine_code.0
                0x0000000000007280        0x6 zephyr/soc/arm/nordic_nrf/nrf52/libsoc__arm__nordic_nrf__nrf52.a(soc.c.obj)
 *fill*         0x0000000000007286        0x2 
 .rodata.but3_dev
                0x0000000000007288        0x8 app/libapp.a(main.c.obj)
                0x0000000000007288                but3_dev
 .rodata.but2_dev
                0x0000000000007290        0x8 app/libapp.a(main.c.obj)
                0x0000000000007290                but2_dev
 .rodata.but1_dev
                0x0000000000007298        0x8 app/libapp.a(main.c.obj)
                0x0000000000007298                but1_dev
 .rodata.but0_dev
                0x00000000000072a0        0x8 app/libapp.a(main.c.obj)
                0x00000000000072a0                but0_dev
 .rodata.led3_dev
                0x00000000000072a8        0x8 app/libapp.a(main.c.obj)
                0x00000000000072a8                led3_dev
 .rodata.led2_dev
                0x00000000000072b0        0x8 app/libapp.a(main.c.obj)
                0x00000000000072b0                led2_dev
 .rodata.led1_dev
                0x00000000000072b8        0x8 app/libapp.a(main.c.obj)
                0x00000000000072b8                led1_dev
 .rodata.led0_dev
                0x00000000000072c0        0x8 app/libapp.a(main.c.obj)
                0x00000000000072c0                led0_dev
 .rodata.pmstates_DT_N_S_cpus_S_cpu_0
                0x00000000000072c8        0x0 zephyr/libzephyr.a(state.c.obj)
 .rodata.apis   0x00000000000072c8        0x8 zephyr/libzephyr.a(nrf_cc3xx_platform_abort_zephyr.c.obj)
 .rodata.mutexes
                0x00000000000072d0       0x14 zephyr/libzephyr.a(nrf_cc3xx_platform_mutex_zephyr.c.obj)
 .rodata.mutex_apis
                0x00000000000072e4       0x10 zephyr/libzephyr.a(nrf_cc3xx_platform_mutex_zephyr.c.obj)
 .rodata.static_regions
                0x00000000000072f4        0xc zephyr/arch/arch/arm/core/aarch32/mpu/libarch__arm__core__aarch32__mpu.a(arm_core_mpu.c.obj)
 .rodata.mpu_config
                0x0000000000007300        0x8 zephyr/soc/arm/common/cortex_m/libsoc__arm__common__cortex_m.a(arm_mpu_regions.c.obj)
                0x0000000000007300                mpu_config
 .rodata.mpu_regions
                0x0000000000007308       0x18 zephyr/soc/arm/common/cortex_m/libsoc__arm__common__cortex_m.a(arm_mpu_regions.c.obj)
 .rodata.transitions.0
                0x0000000000007320        0xc zephyr/drivers/clock_control/libdrivers__clock_control.a(clock_control_nrf.c.obj)
 .rodata.config
                0x000000000000732c       0x10 zephyr/drivers/clock_control/libdrivers__clock_control.a(clock_control_nrf.c.obj)
 .rodata.clock_control_api
                0x000000000000733c       0x18 zephyr/drivers/clock_control/libdrivers__clock_control.a(clock_control_nrf.c.obj)
 .rodata.gpio_nrfx_p1_cfg
                0x0000000000007354       0x10 zephyr/drivers/gpio/libdrivers__gpio.a(gpio_nrfx.c.obj)
 .rodata.gpio_nrfx_p0_cfg
                0x0000000000007364       0x10 zephyr/drivers/gpio/libdrivers__gpio.a(gpio_nrfx.c.obj)
 .rodata.gpio_nrfx_drv_api_funcs
                0x0000000000007374       0x24 zephyr/drivers/gpio/libdrivers__gpio.a(gpio_nrfx.c.obj)
 .rodata.twi_0z_config
                0x0000000000007398       0x1c zephyr/drivers/i2c/libdrivers__i2c.a(i2c_nrfx_twi.c.obj)
 .rodata.__pinctrl_dev_config__device_dts_ord_126
                0x00000000000073b4        0xc zephyr/drivers/i2c/libdrivers__i2c.a(i2c_nrfx_twi.c.obj)
 .rodata.__pinctrl_states__device_dts_ord_126
                0x00000000000073c0        0x8 zephyr/drivers/i2c/libdrivers__i2c.a(i2c_nrfx_twi.c.obj)
 .rodata.__pinctrl_state_pins_0__device_dts_ord_126
                0x00000000000073c8        0x8 zephyr/drivers/i2c/libdrivers__i2c.a(i2c_nrfx_twi.c.obj)
 .rodata.i2c_nrfx_twi_driver_api
                0x00000000000073d0       0x18 zephyr/drivers/i2c/libdrivers__i2c.a(i2c_nrfx_twi.c.obj)
 .rodata.uarte_1z_config
                0x00000000000073e8       0x18 zephyr/drivers/serial/libdrivers__serial.a(uart_nrfx_uarte.c.obj)
 .rodata.__pinctrl_dev_config__device_dts_ord_112
                0x0000000000007400        0xc zephyr/drivers/serial/libdrivers__serial.a(uart_nrfx_uarte.c.obj)
 .rodata.__pinctrl_states__device_dts_ord_112
                0x000000000000740c        0x8 zephyr/drivers/serial/libdrivers__serial.a(uart_nrfx_uarte.c.obj)
 .rodata.__pinctrl_state_pins_0__device_dts_ord_112
                0x0000000000007414        0x8 zephyr/drivers/serial/libdrivers__serial.a(uart_nrfx_uarte.c.obj)
 .rodata.uarte_0z_config
                0x000000000000741c       0x18 zephyr/drivers/serial/libdrivers__serial.a(uart_nrfx_uarte.c.obj)
 .rodata.__pinctrl_dev_config__device_dts_ord_111
                0x0000000000007434        0xc zephyr/drivers/serial/libdrivers__serial.a(uart_nrfx_uarte.c.obj)
 .rodata.__pinctrl_states__device_dts_ord_111
                0x0000000000007440        0x8 zephyr/drivers/serial/libdrivers__serial.a(uart_nrfx_uarte.c.obj)
 .rodata.__pinctrl_state_pins_0__device_dts_ord_111
                0x0000000000007448       0x10 zephyr/drivers/serial/libdrivers__serial.a(uart_nrfx_uarte.c.obj)
 .rodata.uart_nrfx_uarte_driver_api
                0x0000000000007458       0x2c zephyr/drivers/serial/libdrivers__serial.a(uart_nrfx_uarte.c.obj)
 .rodata.levels.0
                0x0000000000007484       0x14 zephyr/kernel/libkernel.a(device.c.obj)
 .rodata._k_neg_eagain
                0x0000000000007498        0x4 zephyr/kernel/libkernel.a(errno.c.obj)
                0x0000000000007498                _k_neg_eagain
 .rodata.CSWTCH.12
                0x000000000000749c       0x1c /home/rt/ncs/nrfxlib/crypto/nrf_cc310_platform/lib/cortex-m4/soft-float/no-interrupts/libnrf_cc310_platform_0.9.14.a(nrf_cc3xx_platform.c.obj)
 .rodata.mutex_free.str1.4
                0x00000000000074b8       0x26 /home/rt/ncs/nrfxlib/crypto/nrf_cc310_platform/lib/cortex-m4/soft-float/no-interrupts/libnrf_cc310_platform_0.9.14.a(nrf_cc3xx_platform_mutex.c.obj)
 *fill*         0x00000000000074de        0x2 
 .rodata.mutex_init.str1.4
                0x00000000000074e0       0x23 /home/rt/ncs/nrfxlib/crypto/nrf_cc310_platform/lib/cortex-m4/soft-float/no-interrupts/libnrf_cc310_platform_0.9.14.a(nrf_cc3xx_platform_mutex.c.obj)
 *fill*         0x0000000000007503        0x1 
 .rodata.CC_PalPowerSaveModeInit.str1.4
                0x0000000000007504       0x20 /home/rt/ncs/nrfxlib/crypto/nrf_cc310_platform/lib/cortex-m4/soft-float/no-interrupts/libnrf_cc310_platform_0.9.14.a(cc_pal_pm.c.obj)
 .rodata.thread_print_code.str1.1
                0x0000000000007524      0x124 app/libapp.a(main.c.obj)
 .rodata.thread_button_code.str1.1
                0x0000000000007648       0x1f app/libapp.a(main.c.obj)
 .rodata.thread_temperature_code.str1.1
                0x0000000000007667       0x5d app/libapp.a(main.c.obj)
 .rodata.main.str1.1
                0x00000000000076c4      0x2c1 app/libapp.a(main.c.obj)
 .rodata.thread_cmd_code.str1.1
                0x0000000000007985       0x38 app/libapp.a(main.c.obj)
 .rodata.cbvprintf.str1.1
                0x00000000000079bd        0x6 zephyr/libzephyr.a(cbprintf_complete.c.obj)
 .rodata.sys_reboot.str1.1
                0x00000000000079c3       0x29 zephyr/libzephyr.a(reboot.c.obj)
 .rodata.mutex_free_platform.str1.1
                0x00000000000079ec       0x26 zephyr/libzephyr.a(nrf_cc3xx_platform_mutex_zephyr.c.obj)
 .rodata.mutex_init_platform.str1.1
                0x0000000000007a12       0x2d zephyr/libzephyr.a(nrf_cc3xx_platform_mutex_zephyr.c.obj)
 .rodata.str1.1
                0x0000000000007a3f        0xf zephyr/soc/arm/common/cortex_m/libsoc__arm__common__cortex_m.a(arm_mpu_regions.c.obj)
 .rodata.CSWTCH.9
                0x0000000000007a4e        0x6 zephyr/soc/arm/nordic_nrf/nrf52/libsoc__arm__nordic_nrf__nrf52.a(soc.c.obj)
 .rodata.str1.1
                0x0000000000007a54        0x6 zephyr/drivers/clock_control/libdrivers__clock_control.a(clock_control_nrf.c.obj)
 .rodata.str1.1
                0x0000000000007a5a        0xe zephyr/drivers/gpio/libdrivers__gpio.a(gpio_nrfx.c.obj)
 .rodata.str1.1
                0x0000000000007a68        0x6 zephyr/drivers/i2c/libdrivers__i2c.a(i2c_nrfx_twi.c.obj)
 .rodata.str1.1
                0x0000000000007a6e        0xe zephyr/drivers/serial/libdrivers__serial.a(uart_nrfx_uarte.c.obj)
 .rodata.CSWTCH.14
                0x0000000000007a7c        0x6 modules/hal_nordic/nrfx/libmodules__hal_nordic__nrfx.a(system_nrf52840.c.obj)
 .rodata.CSWTCH.5
                0x0000000000007a82        0x6 modules/hal_nordic/nrfx/libmodules__hal_nordic__nrfx.a(system_nrf52840.c.obj)
 .rodata._DoInit.str1.1
                0x0000000000007a88       0x14 modules/segger/libmodules__segger.a(SEGGER_RTT.c.obj)
 .rodata.z_cstart.str1.1
                0x0000000000007a9c        0x5 zephyr/kernel/libkernel.a(init.c.obj)
 .rodata.boot_banner.str1.1
                0x0000000000007aa1       0x34 zephyr/kernel/libkernel.a(banner.c.obj)
                                         0x35 (size before relaxing)
 *(SORT_BY_ALIGNMENT(.gnu.linkonce.r.*))
                0x0000000000007ad8                . = ALIGN (0x4)
 *fill*         0x0000000000007ad5        0x3 
                0x0000000000007ad8                __rodata_region_end = .
                0x0000000000007ae0                . = ALIGN (_region_min_align)
                0x0000000000008000                . = ALIGN ((0x1 << ((__rodata_region_end - __rom_region_start) <= 0x4)?0x2:((__rodata_region_end - __rom_region_start) <= 0x8)?0x3:((__rodata_region_end - __rom_region_start) <= 0x10)?0x4:((__rodata_region_end - __rom_region_start) <= 0x20)?0x5:((__rodata_region_end - __rom_region_start) <= 0x40)?0x6:((__rodata_region_end - __rom_region_start) <= 0x80)?0x7:((__rodata_region_end - __rom_region_start) <= 0x100)?0x8:((__rodata_region_end - __rom_region_start) <= 0x200)?0x9:((__rodata_region_end - __rom_region_start) <= 0x400)?0xa:((__rodata_region_end - __rom_region_start) <= 0x800)?0xb:((__rodata_region_end - __rom_region_start) <= 0x1000)?0xc:((__rodata_region_end - __rom_region_start) <= 0x2000)?0xd:((__rodata_region_end - __rom_region_start) <= 0x4000)?0xe:((__rodata_region_end - __rom_region_start) <= 0x8000)?0xf:((__rodata_region_end - __rom_region_start) <= 0x10000)?0x10:((__rodata_region_end - __rom_region_start) <= 0x20000)?0x11:((__rodata_region_end - __rom_region_start) <= 0x40000)?0x12:((__rodata_region_end - __rom_region_start) <= 0x80000)?0x13:((__rodata_region_end - __rom_region_start) <= 0x100000)?0x14:((__rodata_region_end - __rom_region_start) <= 0x200000)?0x15:((__rodata_region_end - __rom_region_start) <= 0x400000)?0x16:((__rodata_region_end - __rom_region_start) <= 0x800000)?0x17:((__rodata_region_end - __rom_region_start) <= 0x1000000)?0x18:((__rodata_region_end - __rom_region_start) <= 0x2000000)?0x19:((__rodata_region_end - __rom_region_start) <= 0x4000000)?0x1a:((__rodata_region_end - __rom_region_start) <= 0x8000000)?0x1b:((__rodata_region_end - __rom_region_start) <= 0x10000000)?0x1c:((__rodata_region_end - __rom_region_start) <= 0x20000000)?0x1d:((__rodata_region_end - __rom_region_start) <= 0x40000000)?0x1e:((__rodata_region_end - __rom_region_start) <= 0x80000000)?0x1f:0x20))
                0x0000000000008000                __rom_region_end = .

/DISCARD/
 *(SORT_BY_ALIGNMENT(.got.plt))
 *(SORT_BY_ALIGNMENT(.igot.plt))
 *(SORT_BY_ALIGNMENT(.got))
 *(SORT_BY_ALIGNMENT(.igot))
                0x0000000020000000                . = 0x20000000
                0x0000000020000000                . = ALIGN (_region_min_align)
                0x0000000020000000                _image_ram_start = .

.ramfunc        0x0000000020000000        0x0 load address 0x0000000000007ad8
                0x0000000020000000                . = ALIGN (_region_min_align)
                0x0000000020000000                . = ALIGN ((0x1 << (__ramfunc_size <= 0x4)?0x2:(__ramfunc_size <= 0x8)?0x3:(__ramfunc_size <= 0x10)?0x4:(__ramfunc_size <= 0x20)?0x5:(__ramfunc_size <= 0x40)?0x6:(__ramfunc_size <= 0x80)?0x7:(__ramfunc_size <= 0x100)?0x8:(__ramfunc_size <= 0x200)?0x9:(__ramfunc_size <= 0x400)?0xa:(__ramfunc_size <= 0x800)?0xb:(__ramfunc_size <= 0x1000)?0xc:(__ramfunc_size <= 0x2000)?0xd:(__ramfunc_size <= 0x4000)?0xe:(__ramfunc_size <= 0x8000)?0xf:(__ramfunc_size <= 0x10000)?0x10:(__ramfunc_size <= 0x20000)?0x11:(__ramfunc_size <= 0x40000)?0x12:(__ramfunc_size <= 0x80000)?0x13:(__ramfunc_size <= 0x100000)?0x14:(__ramfunc_size <= 0x200000)?0x15:(__ramfunc_size <= 0x400000)?0x16:(__ramfunc_size <= 0x800000)?0x17:(__ramfunc_size <= 0x1000000)?0x18:(__ramfunc_size <= 0x2000000)?0x19:(__ramfunc_size <= 0x4000000)?0x1a:(__ramfunc_size <= 0x8000000)?0x1b:(__ramfunc_size <= 0x10000000)?0x1c:(__ramfunc_size <= 0x20000000)?0x1d:(__ramfunc_size <= 0x40000000)?0x1e:(__ramfunc_size <= 0x80000000)?0x1f:0x20))
                0x0000000020000000                __ramfunc_start = .
 *(SORT_BY_ALIGNMENT(.ramfunc))
 *(SORT_BY_ALIGNMENT(.ramfunc.*))
                0x0000000020000000                . = ALIGN (_region_min_align)
                0x0000000020000000                . = ALIGN ((0x1 << (__ramfunc_size <= 0x4)?0x2:(__ramfunc_size <= 0x8)?0x3:(__ramfunc_size <= 0x10)?0x4:(__ramfunc_size <= 0x20)?0x5:(__ramfunc_size <= 0x40)?0x6:(__ramfunc_size <= 0x80)?0x7:(__ramfunc_size <= 0x100)?0x8:(__ramfunc_size <= 0x200)?0x9:(__ramfunc_size <= 0x400)?0xa:(__ramfunc_size <= 0x800)?0xb:(__ramfunc_size <= 0x1000)?0xc:(__ramfunc_size <= 0x2000)?0xd:(__ramfunc_size <= 0x4000)?0xe:(__ramfunc_size <= 0x8000)?0xf:(__ramfunc_size <= 0x10000)?0x10:(__ramfunc_size <= 0x20000)?0x11:(__ramfunc_size <= 0x40000)?0x12:(__ramfunc_size <= 0x80000)?0x13:(__ramfunc_size <= 0x100000)?0x14:(__ramfunc_size <= 0x200000)?0x15:(__ramfunc_size <= 0x400000)?0x16:(__ramfunc_size <= 0x800000)?0x17:(__ramfunc_size <= 0x1000000)?0x18:(__ramfunc_size <= 0x2000000)?0x19:(__ramfunc_size <= 0x4000000)?0x1a:(__ramfunc_size <= 0x8000000)?0x1b:(__ramfunc_size <= 0x10000000)?0x1c:(__ramfunc_size <= 0x20000000)?0x1d:(__ramfunc_size <= 0x40000000)?0x1e:(__ramfunc_size <= 0x80000000)?0x1f:0x20))
                0x0000000020000000                __ramfunc_end = .
                0x0000000000000000                __ramfunc_size = (__ramfunc_end - __ramfunc_start)
                0x0000000000007ad8                __ramfunc_load_start = LOADADDR (.ramfunc)

datas           0x0000000020000000      0x184 load address 0x0000000000007ad8
                0x0000000020000000                __data_region_start = .
                0x0000000020000000                __data_start = .
 *(SORT_BY_ALIGNMENT(.data))
 *(SORT_BY_ALIGNMENT(.data.*))
 .data.res      0x0000000020000000        0x4 app/libapp.a(main.c.obj)
                0x0000000020000000                res
 .data.uart     0x0000000020000004        0x4 app/libapp.a(main.c.obj)
                0x0000000020000004                uart
 .data.thread_led_period
                0x0000000020000008        0x4 app/libapp.a(main.c.obj)
                0x0000000020000008                thread_led_period
 .data.thread_button_period
                0x000000002000000c        0x4 app/libapp.a(main.c.obj)
                0x000000002000000c                thread_button_period
 .data.thread_temperature_period
                0x0000000020000010        0x4 app/libapp.a(main.c.obj)
                0x0000000020000010                thread_temperature_period
 .data._char_out
                0x0000000020000014        0x4 zephyr/libzephyr.a(printk.c.obj)
                0x0000000020000014                _char_out
 .data.max_latency_ticks
                0x0000000020000018        0x4 zephyr/libzephyr.a(policy.c.obj)
 .data.power_mutex
                0x000000002000001c        0x8 zephyr/libzephyr.a(nrf_cc3xx_platform_mutex_zephyr.c.obj)
 .data.rng_mutex
                0x0000000020000024        0x8 zephyr/libzephyr.a(nrf_cc3xx_platform_mutex_zephyr.c.obj)
 .data.asym_mutex
                0x000000002000002c        0x8 zephyr/libzephyr.a(nrf_cc3xx_platform_mutex_zephyr.c.obj)
 .data.sym_mutex
                0x0000000020000034        0x8 zephyr/libzephyr.a(nrf_cc3xx_platform_mutex_zephyr.c.obj)
 .data._stdout_hook
                0x000000002000003c        0x4 zephyr/lib/libc/minimal/liblib__libc__minimal.a(stdout_console.c.obj)
 .data.twi_0_data
                0x0000000020000040       0x28 zephyr/drivers/i2c/libdrivers__i2c.a(i2c_nrfx_twi.c.obj)
 .data.uarte_1_data
                0x0000000020000068       0x18 zephyr/drivers/serial/libdrivers__serial.a(uart_nrfx_uarte.c.obj)
 .data.uarte_0_data
                0x0000000020000080       0x18 zephyr/drivers/serial/libdrivers__serial.a(uart_nrfx_uarte.c.obj)
 .data.SystemCoreClock
                0x0000000020000098        0x4 modules/hal_nordic/nrfx/libmodules__hal_nordic__nrfx.a(system_nrf52840.c.obj)
                0x0000000020000098                SystemCoreClock
 .data.m_cb     0x000000002000009c       0x7c modules/hal_nordic/nrfx/libmodules__hal_nordic__nrfx.a(nrfx_gpiote.c.obj)
 .data.m_channels_allocated
                0x0000000020000118        0x4 modules/hal_nordic/nrfx/libmodules__hal_nordic__nrfx.a(nrfx_ppi.c.obj)
 .data.timeout_list
                0x000000002000011c        0x8 zephyr/kernel/libkernel.a(timeout.c.obj)
 .data.platform_abort_apis
                0x0000000020000124        0x8 /home/rt/ncs/nrfxlib/crypto/nrf_cc310_platform/lib/cortex-m4/soft-float/no-interrupts/libnrf_cc310_platform_0.9.14.a(nrf_cc3xx_platform_abort.c.obj)
                0x0000000020000124                platform_abort_apis
 .data.asym_mutex
                0x000000002000012c        0x8 /home/rt/ncs/nrfxlib/crypto/nrf_cc310_platform/lib/cortex-m4/soft-float/no-interrupts/libnrf_cc310_platform_0.9.14.a(nrf_cc3xx_platform_mutex.c.obj)
 .data.platform_mutex_apis
                0x0000000020000134       0x10 /home/rt/ncs/nrfxlib/crypto/nrf_cc310_platform/lib/cortex-m4/soft-float/no-interrupts/libnrf_cc310_platform_0.9.14.a(nrf_cc3xx_platform_mutex.c.obj)
                0x0000000020000134                platform_mutex_apis
 .data.platform_mutexes
                0x0000000020000144       0x14 /home/rt/ncs/nrfxlib/crypto/nrf_cc310_platform/lib/cortex-m4/soft-float/no-interrupts/libnrf_cc310_platform_0.9.14.a(nrf_cc3xx_platform_mutex.c.obj)
                0x0000000020000144                platform_mutexes
 .data.power_mutex
                0x0000000020000158        0x8 /home/rt/ncs/nrfxlib/crypto/nrf_cc310_platform/lib/cortex-m4/soft-float/no-interrupts/libnrf_cc310_platform_0.9.14.a(nrf_cc3xx_platform_mutex.c.obj)
 .data.rng_mutex
                0x0000000020000160        0x8 /home/rt/ncs/nrfxlib/crypto/nrf_cc310_platform/lib/cortex-m4/soft-float/no-interrupts/libnrf_cc310_platform_0.9.14.a(nrf_cc3xx_platform_mutex.c.obj)
 .data.sym_mutex
                0x0000000020000168        0x8 /home/rt/ncs/nrfxlib/crypto/nrf_cc310_platform/lib/cortex-m4/soft-float/no-interrupts/libnrf_cc310_platform_0.9.14.a(nrf_cc3xx_platform_mutex.c.obj)
 .data.CCAsymCryptoMutex
                0x0000000020000170        0x4 /home/rt/ncs/nrfxlib/crypto/nrf_cc310_platform/lib/cortex-m4/soft-float/no-interrupts/libnrf_cc310_platform_0.9.14.a(cc_pal.c.obj)
                0x0000000020000170                CCAsymCryptoMutex
 .data.CCPowerMutex
                0x0000000020000174        0x4 /home/rt/ncs/nrfxlib/crypto/nrf_cc310_platform/lib/cortex-m4/soft-float/no-interrupts/libnrf_cc310_platform_0.9.14.a(cc_pal.c.obj)
                0x0000000020000174                CCPowerMutex
 .data.CCRndCryptoMutex
                0x0000000020000178        0x4 /home/rt/ncs/nrfxlib/crypto/nrf_cc310_platform/lib/cortex-m4/soft-float/no-interrupts/libnrf_cc310_platform_0.9.14.a(cc_pal.c.obj)
                0x0000000020000178                CCRndCryptoMutex
 .data.CCSymCryptoMutex
                0x000000002000017c        0x4 /home/rt/ncs/nrfxlib/crypto/nrf_cc310_platform/lib/cortex-m4/soft-float/no-interrupts/libnrf_cc310_platform_0.9.14.a(cc_pal.c.obj)
                0x000000002000017c                CCSymCryptoMutex
 .data.pCCRndCryptoMutex
                0x0000000020000180        0x4 /home/rt/ncs/nrfxlib/crypto/nrf_cc310_platform/lib/cortex-m4/soft-float/no-interrupts/libnrf_cc310_platform_0.9.14.a(cc_pal.c.obj)
                0x0000000020000180                pCCRndCryptoMutex
 *(SORT_BY_ALIGNMENT(.kernel.*))
                0x0000000020000184                __data_end = .
                0x0000000000000184                __data_size = (__data_end - __data_start)
                0x0000000000007ad8                __data_load_start = LOADADDR (datas)
                0x0000000000007ad8                __data_region_load_start = LOADADDR (datas)

device_states   0x0000000020000184       0x18 load address 0x0000000000007c5c
                0x0000000020000184                __device_states_start = .
 *(SORT_BY_ALIGNMENT(.z_devstate))
 .z_devstate    0x0000000020000184        0x4 zephyr/drivers/clock_control/libdrivers__clock_control.a(clock_control_nrf.c.obj)
 .z_devstate    0x0000000020000188        0x8 zephyr/drivers/gpio/libdrivers__gpio.a(gpio_nrfx.c.obj)
 .z_devstate    0x0000000020000190        0x4 zephyr/drivers/i2c/libdrivers__i2c.a(i2c_nrfx_twi.c.obj)
 .z_devstate    0x0000000020000194        0x8 zephyr/drivers/serial/libdrivers__serial.a(uart_nrfx_uarte.c.obj)
 *(SORT_BY_ALIGNMENT(.z_devstate.*))
                0x000000002000019c                __device_states_end = .

initshell       0x000000002000019c        0x0 load address 0x0000000000007c74
                0x000000002000019c                __shell_module_start = .
 *(SORT_BY_ALIGNMENT(.shell_module_*))
                0x000000002000019c                __shell_module_end = .
                0x000000002000019c                __shell_cmd_start = .
 *(SORT_BY_ALIGNMENT(.shell_cmd_*))
                0x000000002000019c                __shell_cmd_end = .

log_dynamic_sections
                0x000000002000019c        0x0 load address 0x0000000000007c74
                0x000000002000019c                __log_dynamic_start = .
 *(SORT_BY_NAME(SORT_BY_ALIGNMENT(.log_dynamic_*)))
                0x000000002000019c                __log_dynamic_end = .

_static_thread_data_area